Archive member included to satisfy reference by file (symbol)

.\CortexM3\ARM_GCC_541\Debug\lcd.a(I2C.o)
                              .\CortexM3\ARM_GCC_541\Debug\main.o (I2C_Start)
.\CortexM3\ARM_GCC_541\Debug\lcd.a(I2C_INT.o)
                              .\CortexM3\ARM_GCC_541\Debug\lcd.a(I2C.o) (I2C_ISR)
.\CortexM3\ARM_GCC_541\Debug\lcd.a(I2C_PM.o)
                              .\CortexM3\ARM_GCC_541\Debug\lcd.a(I2C.o) (I2C_backup)
.\CortexM3\ARM_GCC_541\Debug\lcd.a(I2C_MASTER.o)
                              .\CortexM3\ARM_GCC_541\Debug\lcd.a(I2C.o) (I2C_mstrStatus)
.\CortexM3\ARM_GCC_541\Debug\lcd.a(CyLib.o)
                              .\CortexM3\ARM_GCC_541\Debug\Cm3Start.o (CyHalt)
.\CortexM3\ARM_GCC_541\Debug\lcd.a(cyPm.o)
                              .\CortexM3\ARM_GCC_541\Debug\lcd.a(CyLib.o) (CyPmReadStatus)
.\CortexM3\ARM_GCC_541\Debug\lcd.a(LCD_I2C_FUNCS.o)
                              .\CortexM3\ARM_GCC_541\Debug\main.o (LCD_I2C_write)
.\CortexM3\ARM_GCC_541\Debug\lcd.a(DHT.o)
                              .\CortexM3\ARM_GCC_541\Debug\main.o (DHT_Write)
.\CortexM3\ARM_GCC_541\Debug\lcd.a(Control.o)
                              .\CortexM3\ARM_GCC_541\Debug\main.o (Control_Write)
.\CortexM3\ARM_GCC_541\Debug\lcd.a(Timer.o)
                              .\CortexM3\ARM_GCC_541\Debug\main.o (Timer_Start)
.\CortexM3\ARM_GCC_541\Debug\lcd.a(echo.o)
                              .\CortexM3\ARM_GCC_541\Debug\main.o (echo_Read)
.\CortexM3\ARM_GCC_541\Debug\lcd.a(Clock.o)
                              .\CortexM3\ARM_GCC_541\Debug\main.o (Clock_Start)
.\CortexM3\ARM_GCC_541\Debug\lcd.a(UART.o)
                              .\CortexM3\ARM_GCC_541\Debug\main.o (UART_Start)
.\CortexM3\ARM_GCC_541\Debug\lcd.a(UART_IntClock.o)
                              .\CortexM3\ARM_GCC_541\Debug\lcd.a(UART.o) (UART_IntClock_Start)
.\CortexM3\ARM_GCC_541\Debug\lcd.a(isrRX.o)
                              .\CortexM3\ARM_GCC_541\Debug\main.o (isrRX_StartEx)
.\CortexM3\ARM_GCC_541\Debug\lcd.a(Bomb.o)
                              .\CortexM3\ARM_GCC_541\Debug\main.o (Bomb_Write)
.\CortexM3\ARM_GCC_541\Debug\lcd.a(CyBootAsmGnu.o)
                              .\CortexM3\ARM_GCC_541\Debug\cyfitter_cfg.o (CyDelayCycles)
.\CortexM3\ARM_GCC_541\Debug\lcd.a(CyFlash.o)
                              .\CortexM3\ARM_GCC_541\Debug\lcd.a(cyPm.o) (CyFlash_SetWaitCycles)
.\CortexM3\ARM_GCC_541\Debug\lcd.a(CySpc.o)
                              .\CortexM3\ARM_GCC_541\Debug\lcd.a(CyFlash.o) (CySpcStart)
.\CortexM3\ARM_GCC_541\Debug\lcd.a(LCD_I2C_LL_I2C.o)
                              .\CortexM3\ARM_GCC_541\Debug\lcd.a(LCD_I2C_FUNCS.o) (LCD_I2C_writeByte)
c:/program files (x86)/cypress/psoc creator/4.4/psoc creator/import/gnu/arm/5.4.1/bin/../lib/gcc/arm-none-eabi/5.4.1/armv7-m\libgcc.a(_arm_addsubdf3.o)
                              .\CortexM3\ARM_GCC_541\Debug\main.o (__aeabi_i2d)
c:/program files (x86)/cypress/psoc creator/4.4/psoc creator/import/gnu/arm/5.4.1/bin/../lib/gcc/arm-none-eabi/5.4.1/armv7-m\libgcc.a(_arm_muldivdf3.o)
                              .\CortexM3\ARM_GCC_541\Debug\main.o (__aeabi_ddiv)
c:/program files (x86)/cypress/psoc creator/4.4/psoc creator/import/gnu/arm/5.4.1/bin/../lib/gcc/arm-none-eabi/5.4.1/armv7-m\libgcc.a(_arm_truncdfsf2.o)
                              .\CortexM3\ARM_GCC_541\Debug\main.o (__aeabi_d2f)
c:/program files (x86)/cypress/psoc creator/4.4/psoc creator/import/gnu/arm/5.4.1/bin/../lib/gcc/arm-none-eabi/5.4.1/armv7-m\libgcc.a(_arm_addsubsf3.o)
                              .\CortexM3\ARM_GCC_541\Debug\main.o (__aeabi_fsub)
c:/program files (x86)/cypress/psoc creator/4.4/psoc creator/import/gnu/arm/5.4.1/bin/../lib/gcc/arm-none-eabi/5.4.1/armv7-m\libgcc.a(_arm_muldivsf3.o)
                              .\CortexM3\ARM_GCC_541\Debug\main.o (__aeabi_fmul)
c:/program files (x86)/cypress/psoc creator/4.4/psoc creator/import/gnu/arm/5.4.1/bin/../lib/gcc/arm-none-eabi/5.4.1/../../../../arm-none-eabi/lib/armv7-m\libg_nano.a(lib_a-errno.o)
                              .\CortexM3\ARM_GCC_541\Debug\Cm3Start.o (__errno)
c:/program files (x86)/cypress/psoc creator/4.4/psoc creator/import/gnu/arm/5.4.1/bin/../lib/gcc/arm-none-eabi/5.4.1/../../../../arm-none-eabi/lib/armv7-m\libg_nano.a(lib_a-exit.o)
                              c:/program files (x86)/cypress/psoc creator/4.4/psoc creator/import/gnu/arm/5.4.1/bin/../lib/gcc/arm-none-eabi/5.4.1/../../../../arm-none-eabi/lib/armv7-m/crt0.o (exit)
c:/program files (x86)/cypress/psoc creator/4.4/psoc creator/import/gnu/arm/5.4.1/bin/../lib/gcc/arm-none-eabi/5.4.1/../../../../arm-none-eabi/lib/armv7-m\libg_nano.a(lib_a-impure.o)
                              c:/program files (x86)/cypress/psoc creator/4.4/psoc creator/import/gnu/arm/5.4.1/bin/../lib/gcc/arm-none-eabi/5.4.1/../../../../arm-none-eabi/lib/armv7-m\libg_nano.a(lib_a-exit.o) (_global_impure_ptr)
[...]
Memory Configuration

Name             Origin             Length             Attributes
rom              0x00000000         0x00040000         xr
ram              0x1fff8000         0x00010000         xrw
*default*        0x00000000         0xffffffff

Linker script and memory map

LOAD c:/program files (x86)/cypress/psoc creator/4.4/psoc creator/import/gnu/arm/5.4.1/bin/../lib/gcc/arm-none-eabi/5.4.1/armv7-m/crti.o
LOAD c:/program files (x86)/cypress/psoc creator/4.4/psoc creator/import/gnu/arm/5.4.1/bin/../lib/gcc/arm-none-eabi/5.4.1/armv7-m/crtbegin.o
LOAD c:/program files (x86)/cypress/psoc creator/4.4/psoc creator/import/gnu/arm/5.4.1/bin/../lib/gcc/arm-none-eabi/5.4.1/../../../../arm-none-eabi/lib/armv7-m/crt0.o
START GROUP
LOAD .\CortexM3\ARM_GCC_541\Debug\main.o
LOAD .\CortexM3\ARM_GCC_541\Debug\cyfitter_cfg.o
LOAD .\CortexM3\ARM_GCC_541\Debug\cymetadata.o
LOAD .\CortexM3\ARM_GCC_541\Debug\Cm3Start.o
LOAD .\CortexM3\ARM_GCC_541\Debug\lcd.a
LOAD C:\Program Files (x86)\Cypress\PSoC Creator\4.4\PSoC Creator\psoc\content\cycomponentlibrary\CyComponentLibrary.cylib\CortexM3\ARM_GCC_541\Debug\CyComponentLibrary.a
END GROUP
START GROUP
LOAD c:/program files (x86)/cypress/psoc creator/4.4/psoc creator/import/gnu/arm/5.4.1/bin/../lib/gcc/arm-none-eabi/5.4.1/armv7-m\libgcc.a
LOAD c:/program files (x86)/cypress/psoc creator/4.4/psoc creator/import/gnu/arm/5.4.1/bin/../lib/gcc/arm-none-eabi/5.4.1/../../../../arm-none-eabi/lib/armv7-m\libg_nano.a
LOAD c:/program files (x86)/cypress/psoc creator/4.4/psoc creator/import/gnu/arm/5.4.1/bin/../lib/gcc/arm-none-eabi/5.4.1/../../../../arm-none-eabi/lib/armv7-m\libc_nano.a
END GROUP
START GROUP
LOAD c:/program files (x86)/cypress/psoc creator/4.4/psoc creator/import/gnu/arm/5.4.1/bin/../lib/gcc/arm-none-eabi/5.4.1/armv7-m\libgcc.a
LOAD c:/program files (x86)/cypress/psoc creator/4.4/psoc creator/import/gnu/arm/5.4.1/bin/../lib/gcc/arm-none-eabi/5.4.1/../../../../arm-none-eabi/lib/armv7-m\libc_nano.a
END GROUP
LOAD c:/program files (x86)/cypress/psoc creator/4.4/psoc creator/import/gnu/arm/5.4.1/bin/../lib/gcc/arm-none-eabi/5.4.1/armv7-m/crtend.o
LOAD c:/program files (x86)/cypress/psoc creator/4.4/psoc creator/import/gnu/arm/5.4.1/bin/../lib/gcc/arm-none-eabi/5.4.1/armv7-m/crtn.o
START GROUP
LOAD c:/program files (x86)/cypress/psoc creator/4.4/psoc creator/import/gnu/arm/5.4.1/bin/../lib/gcc/arm-none-eabi/5.4.1/armv7-m\libgcc.a
LOAD c:/program files (x86)/cypress/psoc creator/4.4/psoc creator/import/gnu/arm/5.4.1/bin/../lib/gcc/arm-none-eabi/5.4.1/../../../../arm-none-eabi/lib/armv7-m\libc.a
LOAD c:/program files (x86)/cypress/psoc creator/4.4/psoc creator/import/gnu/arm/5.4.1/bin/../lib/gcc/arm-none-eabi/5.4.1/../../../../arm-none-eabi/lib/armv7-m\libnosys.a
END GROUP
                0x00000000                CY_APPL_ORIGIN = 0x0
                0x00000100                CY_FLASH_ROW_SIZE = 0x100
                0x00000020                CY_ECC_ROW_SIZE = 0x20
                0x00000000                CY_EE_IN_BTLDR = 0x0
                0x00000000                CY_APPL_LOADABLE = 0x0
                0x00000800                CY_EE_SIZE = 0x800
                0x00000001                CY_APPL_NUM = 0x1
                0x00000001                CY_APPL_MAX = 0x1
                0x00000040                CY_METADATA_SIZE = 0x40
                0x00000000                CY_APPL_LOADABLE = 0x0
                0x00000000                CY_CHECKSUM_EXCLUDE_SIZE = ALIGN (0x0, CY_FLASH_ROW_SIZE)
                [!provide]                PROVIDE (__cy_heap_start, _end)
                0x00000001                PROVIDE (__cy_region_num, ((__cy_regions_end - __cy_regions) / 0x10))
                0x20008000                PROVIDE (__cy_stack, (ORIGIN (ram) + LENGTH (ram)))
                [!provide]                PROVIDE (__cy_heap_end, (__cy_stack - 0x800))

.cybootloader   0x00000000        0x0
 *(.cybootloader)
                0x00000000                appl1_start = CY_APPL_ORIGIN?CY_APPL_ORIGIN:ALIGN (CY_FLASH_ROW_SIZE)
                0x0001ff00                appl2_start = (appl1_start + ALIGN ((((LENGTH (rom) - appl1_start) - (0x2 * CY_FLASH_ROW_SIZE)) / 0x2), CY_FLASH_ROW_SIZE))
                0x00000000                appl_start = (CY_APPL_NUM == 0x1)?appl1_start:appl2_start
                0x00000000                ecc_offset = ((appl_start / CY_FLASH_ROW_SIZE) * CY_ECC_ROW_SIZE)
                0x00000000                ee_offset = (CY_APPL_LOADABLE && ! (CY_EE_IN_BTLDR))?((CY_EE_SIZE / CY_APPL_MAX) * (CY_APPL_NUM - 0x1)):0x0
                0x00000800                ee_size = (CY_APPL_LOADABLE && ! (CY_EE_IN_BTLDR))?(CY_EE_SIZE / CY_APPL_MAX):CY_EE_SIZE
                [!provide]                PROVIDE (CY_ECC_OFFSET, ecc_offset)

.text           0x00000000     0x41bc
 CREATE_OBJECT_SYMBOLS
                0x00000000                PROVIDE (__cy_interrupt_vector, RomVectors)
 *(.romvectors)
 .romvectors    0x00000000       0x10 .\CortexM3\ARM_GCC_541\Debug\Cm3Start.o
                0x00000000                RomVectors
                0x00000001                ASSERT ((. != __cy_interrupt_vector), No interrupt vector)
                0x00000001                ASSERT (CY_APPL_ORIGIN?(SIZEOF (.cybootloader) <= CY_APPL_ORIGIN):0x1, Wrong image location)
                0x00000010                PROVIDE (__cy_reset, Reset)
 *(.text.Reset)
 .text.Reset    0x00000010       0x18 .\CortexM3\ARM_GCC_541\Debug\Cm3Start.o
                0x00000010                Reset
                0x00000001                ASSERT ((. != __cy_reset), No reset code)
 *(.dma_init)
                0x00000001                ASSERT ((((appl_start + .) <= 0x10000) || 0x1), DMA Init must be within the first 64k of flash)
 *(.text .text.* .gnu.linkonce.t.*)
 .text          0x00000028       0x5c c:/program files (x86)/cypress/psoc creator/4.4/psoc creator/import/gnu/arm/5.4.1/bin/../lib/gcc/arm-none-eabi/5.4.1/armv7-m/crtbegin.o
 .text.bomb_inter
                0x00000084       0x28 .\CortexM3\ARM_GCC_541\Debug\main.o
                0x00000084                bomb_inter
 .text.HC_SR04  0x000000ac       0xb4 .\CortexM3\ARM_GCC_541\Debug\main.o
                0x000000ac                HC_SR04
 .text.RTC_data
                0x00000160       0x44 .\CortexM3\ARM_GCC_541\Debug\main.o
                0x00000160                RTC_data
 .text.RTC_show_data
                0x000001a4       0x8c .\CortexM3\ARM_GCC_541\Debug\main.o
                0x000001a4                RTC_show_data
 .text.DHTread  0x00000230       0xc4 .\CortexM3\ARM_GCC_541\Debug\main.o
                0x00000230                DHTread
 .text.main     0x000002f4      0x100 .\CortexM3\ARM_GCC_541\Debug\main.o
                0x000002f4                main
 .text.CyClockStartupError
                0x000003f4        0x4 .\CortexM3\ARM_GCC_541\Debug\cyfitter_cfg.o
 .text.cfg_write_bytes32
                0x000003f8       0x34 .\CortexM3\ARM_GCC_541\Debug\cyfitter_cfg.o
 .text.AnalogSetDefault
                0x0000042c       0x28 .\CortexM3\ARM_GCC_541\Debug\cyfitter_cfg.o
 .text.CYMEMZERO
                0x00000454        0xc .\CortexM3\ARM_GCC_541\Debug\cyfitter_cfg.o
 .text.ClockSetup
                0x00000460       0xc8 .\CortexM3\ARM_GCC_541\Debug\cyfitter_cfg.o
 .text.CYCONFIGCPY
                0x00000528        0x8 .\CortexM3\ARM_GCC_541\Debug\cyfitter_cfg.o
 .text.cyfitter_cfg
                0x00000530      0x124 .\CortexM3\ARM_GCC_541\Debug\cyfitter_cfg.o
                0x00000530                cyfitter_cfg
 .text.IntDefaultHandler
                0x00000654       0x10 .\CortexM3\ARM_GCC_541\Debug\Cm3Start.o
                0x00000654                IntDefaultHandler
 .text._sbrk    0x00000664       0x30 .\CortexM3\ARM_GCC_541\Debug\Cm3Start.o
                0x00000664                _sbrk
 .text.Start_c  0x00000694       0x4c .\CortexM3\ARM_GCC_541\Debug\Cm3Start.o
                0x00000694                Start_c
 .text.initialize_psoc
                0x000006e0       0x68 .\CortexM3\ARM_GCC_541\Debug\Cm3Start.o
                0x000006e0                initialize_psoc
 .text.I2C_Init
                0x00000748       0x68 .\CortexM3\ARM_GCC_541\Debug\lcd.a(I2C.o)
                0x00000748                I2C_Init
 .text.I2C_Enable
                0x000007b0       0x24 .\CortexM3\ARM_GCC_541\Debug\lcd.a(I2C.o)
                0x000007b0                I2C_Enable
 .text.I2C_Start
                0x000007d4       0x28 .\CortexM3\ARM_GCC_541\Debug\lcd.a(I2C.o)
                0x000007d4                I2C_Start
 .text.I2C_ISR  0x000007fc      0x2d0 .\CortexM3\ARM_GCC_541\Debug\lcd.a(I2C_INT.o)
                0x000007fc                I2C_ISR
 .text.I2C_MasterSendStart
                0x00000acc       0x80 .\CortexM3\ARM_GCC_541\Debug\lcd.a(I2C_MASTER.o)
                0x00000acc                I2C_MasterSendStart
 .text.I2C_MasterSendRestart
                0x00000b4c       0x6c .\CortexM3\ARM_GCC_541\Debug\lcd.a(I2C_MASTER.o)
                0x00000b4c                I2C_MasterSendRestart
 .text.I2C_MasterSendStop
                0x00000bb8       0x38 .\CortexM3\ARM_GCC_541\Debug\lcd.a(I2C_MASTER.o)
                0x00000bb8                I2C_MasterSendStop
 .text.I2C_MasterWriteByte
                0x00000bf0       0x58 .\CortexM3\ARM_GCC_541\Debug\lcd.a(I2C_MASTER.o)
                0x00000bf0                I2C_MasterWriteByte
 .text.I2C_MasterReadByte
                0x00000c48       0x58 .\CortexM3\ARM_GCC_541\Debug\lcd.a(I2C_MASTER.o)
                0x00000c48                I2C_MasterReadByte
 .text.CyHalt   0x00000ca0        0x4 .\CortexM3\ARM_GCC_541\Debug\lcd.a(CyLib.o)
                0x00000ca0                CyHalt
 .text.CyDelay  0x00000ca4       0x2c .\CortexM3\ARM_GCC_541\Debug\lcd.a(CyLib.o)
                0x00000ca4                CyDelay
 .text.CyDelayUs
                0x00000cd0       0x14 .\CortexM3\ARM_GCC_541\Debug\lcd.a(CyLib.o)
                0x00000cd0                CyDelayUs
 .text.CyIntSetVector
                0x00000ce4       0x28 .\CortexM3\ARM_GCC_541\Debug\lcd.a(CyLib.o)
                0x00000ce4                CyIntSetVector
 .text.CyIntSetPriority
                0x00000d0c       0x30 .\CortexM3\ARM_GCC_541\Debug\lcd.a(CyLib.o)
                0x00000d0c                CyIntSetPriority
 .text.LCD_I2C_expanderWrite
                0x00000d3c       0x14 .\CortexM3\ARM_GCC_541\Debug\lcd.a(LCD_I2C_FUNCS.o)
                0x00000d3c                LCD_I2C_expanderWrite
 .text.LCD_I2C_pulseEnable
                0x00000d50       0x24 .\CortexM3\ARM_GCC_541\Debug\lcd.a(LCD_I2C_FUNCS.o)
                0x00000d50                LCD_I2C_pulseEnable
 .text.LCD_I2C_write4bits
                0x00000d74       0x10 .\CortexM3\ARM_GCC_541\Debug\lcd.a(LCD_I2C_FUNCS.o)
                0x00000d74                LCD_I2C_write4bits
 .text.LCD_I2C_send
                0x00000d84       0x20 .\CortexM3\ARM_GCC_541\Debug\lcd.a(LCD_I2C_FUNCS.o)
                0x00000d84                LCD_I2C_send
 .text.LCD_I2C_write
                0x00000da4        0xc .\CortexM3\ARM_GCC_541\Debug\lcd.a(LCD_I2C_FUNCS.o)
                0x00000da4                LCD_I2C_write
 .text.LCD_I2C_print
                0x00000db0       0x18 .\CortexM3\ARM_GCC_541\Debug\lcd.a(LCD_I2C_FUNCS.o)
                0x00000db0                LCD_I2C_print
 .text.LCD_I2C_command
                0x00000dc8        0xc .\CortexM3\ARM_GCC_541\Debug\lcd.a(LCD_I2C_FUNCS.o)
                0x00000dc8                LCD_I2C_command
 .text.LCD_I2C_clear
                0x00000dd4       0x10 .\CortexM3\ARM_GCC_541\Debug\lcd.a(LCD_I2C_FUNCS.o)
                0x00000dd4                LCD_I2C_clear
 .text.LCD_I2C_home
                0x00000de4       0x10 .\CortexM3\ARM_GCC_541\Debug\lcd.a(LCD_I2C_FUNCS.o)
                0x00000de4                LCD_I2C_home
 .text.LCD_I2C_setCursor
                0x00000df4       0x3c .\CortexM3\ARM_GCC_541\Debug\lcd.a(LCD_I2C_FUNCS.o)
                0x00000df4                LCD_I2C_setCursor
 .text.LCD_I2C_display
                0x00000e30       0x1c .\CortexM3\ARM_GCC_541\Debug\lcd.a(LCD_I2C_FUNCS.o)
                0x00000e30                LCD_I2C_display
 .text.LCD_I2C_begin
                0x00000e4c       0x6c .\CortexM3\ARM_GCC_541\Debug\lcd.a(LCD_I2C_FUNCS.o)
                0x00000e4c                LCD_I2C_begin
 .text.LCD_I2C_start
                0x00000eb8       0x2c .\CortexM3\ARM_GCC_541\Debug\lcd.a(LCD_I2C_FUNCS.o)
                0x00000eb8                LCD_I2C_start
 .text.DHT_Write
                0x00000ee4       0x18 .\CortexM3\ARM_GCC_541\Debug\lcd.a(DHT.o)
                0x00000ee4                DHT_Write
 .text.DHT_Read
                0x00000efc        0xc .\CortexM3\ARM_GCC_541\Debug\lcd.a(DHT.o)
                0x00000efc                DHT_Read
 .text.Control_Write
                0x00000f08        0xc .\CortexM3\ARM_GCC_541\Debug\lcd.a(Control.o)
                0x00000f08                Control_Write
 .text.Timer_Enable
                0x00000f14       0x28 .\CortexM3\ARM_GCC_541\Debug\lcd.a(Timer.o)
                0x00000f14                Timer_Enable
 .text.Timer_SetInterruptMode
                0x00000f3c        0xc .\CortexM3\ARM_GCC_541\Debug\lcd.a(Timer.o)
                0x00000f3c                Timer_SetInterruptMode
 .text.Timer_WritePeriod
                0x00000f48        0xc .\CortexM3\ARM_GCC_541\Debug\lcd.a(Timer.o)
                0x00000f48                Timer_WritePeriod
 .text.Timer_WriteCounter
                0x00000f54        0xc .\CortexM3\ARM_GCC_541\Debug\lcd.a(Timer.o)
                0x00000f54                Timer_WriteCounter
 .text.Timer_Init
                0x00000f60       0x8c .\CortexM3\ARM_GCC_541\Debug\lcd.a(Timer.o)
                0x00000f60                Timer_Init
 .text.Timer_Start
                0x00000fec       0x1c .\CortexM3\ARM_GCC_541\Debug\lcd.a(Timer.o)
                0x00000fec                Timer_Start
 .text.Timer_ReadCounter
                0x00001008       0x14 .\CortexM3\ARM_GCC_541\Debug\lcd.a(Timer.o)
                0x00001008                Timer_ReadCounter
 .text.echo_Read
                0x0000101c       0x10 .\CortexM3\ARM_GCC_541\Debug\lcd.a(echo.o)
                0x0000101c                echo_Read
 .text.Clock_Start
                0x0000102c       0x1c .\CortexM3\ARM_GCC_541\Debug\lcd.a(Clock.o)
                0x0000102c                Clock_Start
 .text.UART_Init
                0x00001048       0x24 .\CortexM3\ARM_GCC_541\Debug\lcd.a(UART.o)
                0x00001048                UART_Init
 .text.UART_Enable
                0x0000106c       0x38 .\CortexM3\ARM_GCC_541\Debug\lcd.a(UART.o)
                0x0000106c                UART_Enable
 .text.UART_Start
                0x000010a4       0x1c .\CortexM3\ARM_GCC_541\Debug\lcd.a(UART.o)
                0x000010a4                UART_Start
 .text.UART_GetChar
                0x000010c0       0x2c .\CortexM3\ARM_GCC_541\Debug\lcd.a(UART.o)
                0x000010c0                UART_GetChar
 .text.UART_PutChar
                0x000010ec       0x18 .\CortexM3\ARM_GCC_541\Debug\lcd.a(UART.o)
                0x000010ec                UART_PutChar
 .text.UART_PutString
                0x00001104       0x24 .\CortexM3\ARM_GCC_541\Debug\lcd.a(UART.o)
                0x00001104                UART_PutString
 .text.UART_IntClock_Start
                0x00001128       0x1c .\CortexM3\ARM_GCC_541\Debug\lcd.a(UART_IntClock.o)
                0x00001128                UART_IntClock_Start
 .text.isrRX_SetVector
                0x00001144        0xc .\CortexM3\ARM_GCC_541\Debug\lcd.a(isrRX.o)
                0x00001144                isrRX_SetVector
 .text.isrRX_SetPriority
                0x00001150       0x10 .\CortexM3\ARM_GCC_541\Debug\lcd.a(isrRX.o)
                0x00001150                isrRX_SetPriority
 .text.isrRX_Enable
                0x00001160        0xc .\CortexM3\ARM_GCC_541\Debug\lcd.a(isrRX.o)
                0x00001160                isrRX_Enable
 .text.isrRX_Disable
                0x0000116c        0xc .\CortexM3\ARM_GCC_541\Debug\lcd.a(isrRX.o)
                0x0000116c                isrRX_Disable
 .text.isrRX_StartEx
                0x00001178       0x1c .\CortexM3\ARM_GCC_541\Debug\lcd.a(isrRX.o)
                0x00001178                isrRX_StartEx
 .text.Bomb_Write
                0x00001194       0x18 .\CortexM3\ARM_GCC_541\Debug\lcd.a(Bomb.o)
                0x00001194                Bomb_Write
 *fill*         0x000011ac        0x4 
 .text          0x000011b0       0x20 .\CortexM3\ARM_GCC_541\Debug\lcd.a(CyBootAsmGnu.o)
                0x000011b0                CyDelayCycles
                0x000011c0                CyEnterCriticalSection
                0x000011c8                CyExitCriticalSection
 .text.LCD_I2C_writeByte
                0x000011d0       0x18 .\CortexM3\ARM_GCC_541\Debug\lcd.a(LCD_I2C_LL_I2C.o)
                0x000011d0                LCD_I2C_writeByte
 .text          0x000011e8      0x370 c:/program files (x86)/cypress/psoc creator/4.4/psoc creator/import/gnu/arm/5.4.1/bin/../lib/gcc/arm-none-eabi/5.4.1/armv7-m\libgcc.a(_arm_addsubdf3.o)
                0x000011e8                __aeabi_drsub
                0x000011f0                __aeabi_dsub
                0x000011f0                __subdf3
                0x000011f4                __aeabi_dadd
                0x000011f4                __adddf3
                0x0000146c                __floatunsidf
                0x0000146c                __aeabi_ui2d
                0x0000148c                __floatsidf
                0x0000148c                __aeabi_i2d
                0x000014b0                __aeabi_f2d
                0x000014b0                __extendsfdf2
                0x000014ec                __floatundidf
                0x000014ec                __aeabi_ul2d
                0x000014fc                __floatdidf
                0x000014fc                __aeabi_l2d
 .text          0x00001558      0x424 c:/program files (x86)/cypress/psoc creator/4.4/psoc creator/import/gnu/arm/5.4.1/bin/../lib/gcc/arm-none-eabi/5.4.1/armv7-m\libgcc.a(_arm_muldivdf3.o)
                0x00001558                __aeabi_dmul
                0x00001558                __muldf3
                0x000017ac                __divdf3
                0x000017ac                __aeabi_ddiv
 .text          0x0000197c       0xa0 c:/program files (x86)/cypress/psoc creator/4.4/psoc creator/import/gnu/arm/5.4.1/bin/../lib/gcc/arm-none-eabi/5.4.1/armv7-m\libgcc.a(_arm_truncdfsf2.o)
                0x0000197c                __truncdfsf2
                0x0000197c                __aeabi_d2f
 .text          0x00001a1c      0x21c c:/program files (x86)/cypress/psoc creator/4.4/psoc creator/import/gnu/arm/5.4.1/bin/../lib/gcc/arm-none-eabi/5.4.1/armv7-m\libgcc.a(_arm_addsubsf3.o)
                0x00001a1c                __aeabi_frsub
                0x00001a24                __subsf3
                0x00001a24                __aeabi_fsub
                0x00001a28                __aeabi_fadd
                0x00001a28                __addsf3
                0x00001b88                __aeabi_ui2f
                0x00001b88                __floatunsisf
                0x00001b90                __aeabi_i2f
                0x00001b90                __floatsisf
                0x00001bac                __aeabi_ul2f
                0x00001bac                __floatundisf
                0x00001bbc                __aeabi_l2f
                0x00001bbc                __floatdisf
 .text          0x00001c38      0x2a0 c:/program files (x86)/cypress/psoc creator/4.4/psoc creator/import/gnu/arm/5.4.1/bin/../lib/gcc/arm-none-eabi/5.4.1/armv7-m\libgcc.a(_arm_muldivsf3.o)
                0x00001c38                __mulsf3
                0x00001c38                __aeabi_fmul
                0x00001da0                __aeabi_fdiv
                0x00001da0                __divsf3
 .text.__errno  0x00001ed8        0xc c:/program files (x86)/cypress/psoc creator/4.4/psoc creator/import/gnu/arm/5.4.1/bin/../lib/gcc/arm-none-eabi/5.4.1/../../../../arm-none-eabi/lib/armv7-m\libg_nano.a(lib_a-errno.o)
                0x00001ed8                __errno
 .text.__libc_init_array
                0x00001ee4       0x4c c:/program files (x86)/cypress/psoc creator/4.4/psoc creator/import/gnu/arm/5.4.1/bin/../lib/gcc/arm-none-eabi/5.4.1/../../../../arm-none-eabi/lib/armv7-m\libg_nano.a(lib_a-init.o)
                0x00001ee4                __libc_init_array
 .text.__itoa   0x00001f30       0x2e c:/program files (x86)/cypress/psoc creator/4.4/psoc creator/import/gnu/arm/5.4.1/bin/../lib/gcc/arm-none-eabi/5.4.1/../../../../arm-none-eabi/lib/armv7-m\libg_nano.a(lib_a-itoa.o)
                0x00001f30                __itoa
 .text.itoa     0x00001f5e        0x4 c:/program files (x86)/cypress/psoc creator/4.4/psoc creator/import/gnu/arm/5.4.1/bin/../lib/gcc/arm-none-eabi/5.4.1/../../../../arm-none-eabi/lib/armv7-m\libg_nano.a(lib_a-itoa.o)
                0x00001f5e                itoa
 .text.memcpy   0x00001f62       0x16 c:/program files (x86)/cypress/psoc creator/4.4/psoc creator/import/gnu/arm/5.4.1/bin/../lib/gcc/arm-none-eabi/5.4.1/../../../../arm-none-eabi/lib/armv7-m\libg_nano.a(lib_a-memcpy-stub.o)
                0x00001f62                memcpy
 .text.memset   0x00001f78       0x10 c:/program files (x86)/cypress/psoc creator/4.4/psoc creator/import/gnu/arm/5.4.1/bin/../lib/gcc/arm-none-eabi/5.4.1/../../../../arm-none-eabi/lib/armv7-m\libg_nano.a(lib_a-memset.o)
                0x00001f78                memset
 .text.__cvt    0x00001f88       0xc0 c:/program files (x86)/cypress/psoc creator/4.4/psoc creator/import/gnu/arm/5.4.1/bin/../lib/gcc/arm-none-eabi/5.4.1/../../../../arm-none-eabi/lib/armv7-m\libg_nano.a(lib_a-nano-vfprintf_float.o)
                0x00001f88                __cvt
 .text.__exponent
                0x00002048       0x62 c:/program files (x86)/cypress/psoc creator/4.4/psoc creator/import/gnu/arm/5.4.1/bin/../lib/gcc/arm-none-eabi/5.4.1/../../../../arm-none-eabi/lib/armv7-m\libg_nano.a(lib_a-nano-vfprintf_float.o)
                0x00002048                __exponent
 *fill*         0x000020aa        0x2 
 .text._printf_float
                0x000020ac      0x488 c:/program files (x86)/cypress/psoc creator/4.4/psoc creator/import/gnu/arm/5.4.1/bin/../lib/gcc/arm-none-eabi/5.4.1/../../../../arm-none-eabi/lib/armv7-m\libg_nano.a(lib_a-nano-vfprintf_float.o)
                0x000020ac                _printf_float
 .text._printf_common
                0x00002534       0xec c:/program files (x86)/cypress/psoc creator/4.4/psoc creator/import/gnu/arm/5.4.1/bin/../lib/gcc/arm-none-eabi/5.4.1/../../../../arm-none-eabi/lib/armv7-m\libg_nano.a(lib_a-nano-vfprintf_i.o)
                0x00002534                _printf_common
 .text._printf_i
                0x00002620      0x24c c:/program files (x86)/cypress/psoc creator/4.4/psoc creator/import/gnu/arm/5.4.1/bin/../lib/gcc/arm-none-eabi/5.4.1/../../../../arm-none-eabi/lib/armv7-m\libg_nano.a(lib_a-nano-vfprintf_i.o)
                0x00002620                _printf_i
 .text.sprintf  0x0000286c       0x48 c:/program files (x86)/cypress/psoc creator/4.4/psoc creator/import/gnu/arm/5.4.1/bin/../lib/gcc/arm-none-eabi/5.4.1/../../../../arm-none-eabi/lib/armv7-m\libg_nano.a(lib_a-sprintf.o)
                0x0000286c                siprintf
                0x0000286c                sprintf
 .text          0x000028b4       0x10 c:/program files (x86)/cypress/psoc creator/4.4/psoc creator/import/gnu/arm/5.4.1/bin/../lib/gcc/arm-none-eabi/5.4.1/../../../../arm-none-eabi/lib/armv7-m\libg_nano.a(lib_a-strlen.o)
                0x000028b4                strlen
 .text.__utoa   0x000028c4       0x78 c:/program files (x86)/cypress/psoc creator/4.4/psoc creator/import/gnu/arm/5.4.1/bin/../lib/gcc/arm-none-eabi/5.4.1/../../../../arm-none-eabi/lib/armv7-m\libg_nano.a(lib_a-utoa.o)
                0x000028c4                __utoa
 .text.quorem   0x0000293c      0x116 c:/program files (x86)/cypress/psoc creator/4.4/psoc creator/import/gnu/arm/5.4.1/bin/../lib/gcc/arm-none-eabi/5.4.1/../../../../arm-none-eabi/lib/armv7-m\libg_nano.a(lib_a-dtoa.o)
 *fill*         0x00002a52        0x6 
 .text._dtoa_r  0x00002a58      0xb30 c:/program files (x86)/cypress/psoc creator/4.4/psoc creator/import/gnu/arm/5.4.1/bin/../lib/gcc/arm-none-eabi/5.4.1/../../../../arm-none-eabi/lib/armv7-m\libg_nano.a(lib_a-dtoa.o)
                0x00002a58                _dtoa_r
 .text._localeconv_r
                0x00003588        0x8 c:/program files (x86)/cypress/psoc creator/4.4/psoc creator/import/gnu/arm/5.4.1/bin/../lib/gcc/arm-none-eabi/5.4.1/../../../../arm-none-eabi/lib/armv7-m\libg_nano.a(lib_a-locale.o)
                0x00003588                _localeconv_r
 .text.malloc   0x00003590       0x10 c:/program files (x86)/cypress/psoc creator/4.4/psoc creator/import/gnu/arm/5.4.1/bin/../lib/gcc/arm-none-eabi/5.4.1/../../../../arm-none-eabi/lib/armv7-m\libg_nano.a(lib_a-malloc.o)
                0x00003590                malloc
 .text.memchr   0x000035a0       0x1c c:/program files (x86)/cypress/psoc creator/4.4/psoc creator/import/gnu/arm/5.4.1/bin/../lib/gcc/arm-none-eabi/5.4.1/../../../../arm-none-eabi/lib/armv7-m\libg_nano.a(lib_a-memchr-stub.o)
                0x000035a0                memchr
 .text._Balloc  0x000035bc       0x6a c:/program files (x86)/cypress/psoc creator/4.4/psoc creator/import/gnu/arm/5.4.1/bin/../lib/gcc/arm-none-eabi/5.4.1/../../../../arm-none-eabi/lib/armv7-m\libg_nano.a(lib_a-mprec.o)
                0x000035bc                _Balloc
 .text._Bfree   0x00003626       0x2e c:/program files (x86)/cypress/psoc creator/4.4/psoc creator/import/gnu/arm/5.4.1/bin/../lib/gcc/arm-none-eabi/5.4.1/../../../../arm-none-eabi/lib/armv7-m\libg_nano.a(lib_a-mprec.o)
                0x00003626                _Bfree
 .text.__multadd
                0x00003654       0x76 c:/program files (x86)/cypress/psoc creator/4.4/psoc creator/import/gnu/arm/5.4.1/bin/../lib/gcc/arm-none-eabi/5.4.1/../../../../arm-none-eabi/lib/armv7-m\libg_nano.a(lib_a-mprec.o)
                0x00003654                __multadd
 .text.__hi0bits
                0x000036ca       0x40 c:/program files (x86)/cypress/psoc creator/4.4/psoc creator/import/gnu/arm/5.4.1/bin/../lib/gcc/arm-none-eabi/5.4.1/../../../../arm-none-eabi/lib/armv7-m\libg_nano.a(lib_a-mprec.o)
                0x000036ca                __hi0bits
 .text.__lo0bits
                0x0000370a       0x5a c:/program files (x86)/cypress/psoc creator/4.4/psoc creator/import/gnu/arm/5.4.1/bin/../lib/gcc/arm-none-eabi/5.4.1/../../../../arm-none-eabi/lib/armv7-m\libg_nano.a(lib_a-mprec.o)
                0x0000370a                __lo0bits
 .text.__i2b    0x00003764       0x12 c:/program files (x86)/cypress/psoc creator/4.4/psoc creator/import/gnu/arm/5.4.1/bin/../lib/gcc/arm-none-eabi/5.4.1/../../../../arm-none-eabi/lib/armv7-m\libg_nano.a(lib_a-mprec.o)
                0x00003764                __i2b
 .text.__multiply
                0x00003776      0x120 c:/program files (x86)/cypress/psoc creator/4.4/psoc creator/import/gnu/arm/5.4.1/bin/../lib/gcc/arm-none-eabi/5.4.1/../../../../arm-none-eabi/lib/armv7-m\libg_nano.a(lib_a-mprec.o)
                0x00003776                __multiply
 *fill*         0x00003896        0x2 
 .text.__pow5mult
                0x00003898       0x9c c:/program files (x86)/cypress/psoc creator/4.4/psoc creator/import/gnu/arm/5.4.1/bin/../lib/gcc/arm-none-eabi/5.4.1/../../../../arm-none-eabi/lib/armv7-m\libg_nano.a(lib_a-mprec.o)
                0x00003898                __pow5mult
 .text.__lshift
                0x00003934       0xa2 c:/program files (x86)/cypress/psoc creator/4.4/psoc creator/import/gnu/arm/5.4.1/bin/../lib/gcc/arm-none-eabi/5.4.1/../../../../arm-none-eabi/lib/armv7-m\libg_nano.a(lib_a-mprec.o)
                0x00003934                __lshift
 .text.__mcmp   0x000039d6       0x38 c:/program files (x86)/cypress/psoc creator/4.4/psoc creator/import/gnu/arm/5.4.1/bin/../lib/gcc/arm-none-eabi/5.4.1/../../../../arm-none-eabi/lib/armv7-m\libg_nano.a(lib_a-mprec.o)
                0x000039d6                __mcmp
 .text.__mdiff  0x00003a0e       0xbe c:/program files (x86)/cypress/psoc creator/4.4/psoc creator/import/gnu/arm/5.4.1/bin/../lib/gcc/arm-none-eabi/5.4.1/../../../../arm-none-eabi/lib/armv7-m\libg_nano.a(lib_a-mprec.o)
                0x00003a0e                __mdiff
 .text.__d2b    0x00003acc       0x9c c:/program files (x86)/cypress/psoc creator/4.4/psoc creator/import/gnu/arm/5.4.1/bin/../lib/gcc/arm-none-eabi/5.4.1/../../../../arm-none-eabi/lib/armv7-m\libg_nano.a(lib_a-mprec.o)
                0x00003acc                __d2b
 .text._calloc_r
                0x00003b68       0x1c c:/program files (x86)/cypress/psoc creator/4.4/psoc creator/import/gnu/arm/5.4.1/bin/../lib/gcc/arm-none-eabi/5.4.1/../../../../arm-none-eabi/lib/armv7-m\libg_nano.a(lib_a-nano-callocr.o)
                0x00003b68                _calloc_r
 .text._free_r  0x00003b84       0x98 c:/program files (x86)/cypress/psoc creator/4.4/psoc creator/import/gnu/arm/5.4.1/bin/../lib/gcc/arm-none-eabi/5.4.1/../../../../arm-none-eabi/lib/armv7-m\libg_nano.a(lib_a-nano-freer.o)
                0x00003b84                _free_r
 .text._malloc_r
                0x00003c1c       0xbc c:/program files (x86)/cypress/psoc creator/4.4/psoc creator/import/gnu/arm/5.4.1/bin/../lib/gcc/arm-none-eabi/5.4.1/../../../../arm-none-eabi/lib/armv7-m\libg_nano.a(lib_a-nano-mallocr.o)
                0x00003c1c                _malloc_r
 .text.__ssputs_r
                0x00003cd8       0xb2 c:/program files (x86)/cypress/psoc creator/4.4/psoc creator/import/gnu/arm/5.4.1/bin/../lib/gcc/arm-none-eabi/5.4.1/../../../../arm-none-eabi/lib/armv7-m\libg_nano.a(lib_a-nano-svfprintf.o)
                0x00003cd8                __ssputs_r
 *fill*         0x00003d8a        0x2 
 .text._svfprintf_r
                0x00003d8c      0x1e8 c:/program files (x86)/cypress/psoc creator/4.4/psoc creator/import/gnu/arm/5.4.1/bin/../lib/gcc/arm-none-eabi/5.4.1/../../../../arm-none-eabi/lib/armv7-m\libg_nano.a(lib_a-nano-svfprintf.o)
                0x00003d8c                _svfiprintf_r
                0x00003d8c                _svfprintf_r
 .text._sbrk_r  0x00003f74       0x20 c:/program files (x86)/cypress/psoc creator/4.4/psoc creator/import/gnu/arm/5.4.1/bin/../lib/gcc/arm-none-eabi/5.4.1/../../../../arm-none-eabi/lib/armv7-m\libg_nano.a(lib_a-sbrkr.o)
                0x00003f74                _sbrk_r
 .text.memmove  0x00003f94       0x36 c:/program files (x86)/cypress/psoc creator/4.4/psoc creator/import/gnu/arm/5.4.1/bin/../lib/gcc/arm-none-eabi/5.4.1/../../../../arm-none-eabi/lib/armv7-m\libg_nano.a(lib_a-memmove.o)
                0x00003f94                memmove
 .text.__malloc_lock
                0x00003fca        0x2 c:/program files (x86)/cypress/psoc creator/4.4/psoc creator/import/gnu/arm/5.4.1/bin/../lib/gcc/arm-none-eabi/5.4.1/../../../../arm-none-eabi/lib/armv7-m\libg_nano.a(lib_a-mlock.o)
                0x00003fca                __malloc_lock
 .text.__malloc_unlock
                0x00003fcc        0x2 c:/program files (x86)/cypress/psoc creator/4.4/psoc creator/import/gnu/arm/5.4.1/bin/../lib/gcc/arm-none-eabi/5.4.1/../../../../arm-none-eabi/lib/armv7-m\libg_nano.a(lib_a-mlock.o)
                0x00003fcc                __malloc_unlock
 .text._realloc_r
                0x00003fce       0x4c c:/program files (x86)/cypress/psoc creator/4.4/psoc creator/import/gnu/arm/5.4.1/bin/../lib/gcc/arm-none-eabi/5.4.1/../../../../arm-none-eabi/lib/armv7-m\libg_nano.a(lib_a-nano-reallocr.o)
                0x00003fce                _realloc_r
 .text._malloc_usable_size_r
                0x0000401a       0x14 c:/program files (x86)/cypress/psoc creator/4.4/psoc creator/import/gnu/arm/5.4.1/bin/../lib/gcc/arm-none-eabi/5.4.1/../../../../arm-none-eabi/lib/armv7-m\libg_nano.a(lib_a-nano-msizer.o)
                0x0000401a                _malloc_usable_size_r
 *fill*         0x0000402e        0x2 
 .text          0x00004030      0x110 c:/program files (x86)/cypress/psoc creator/4.4/psoc creator/import/gnu/arm/5.4.1/bin/../lib/gcc/arm-none-eabi/5.4.1/armv7-m\libgcc.a(_arm_cmpdf2.o)
                0x00004030                __gtdf2
                0x00004030                __gedf2
                0x00004038                __ltdf2
                0x00004038                __ledf2
                0x00004040                __nedf2
                0x00004040                __eqdf2
                0x00004040                __cmpdf2
                0x000040bc                __aeabi_cdrcmple
                0x000040cc                __aeabi_cdcmpeq
                0x000040cc                __aeabi_cdcmple
                0x000040dc                __aeabi_dcmpeq
                0x000040f0                __aeabi_dcmplt
                0x00004104                __aeabi_dcmple
                0x00004118                __aeabi_dcmpge
                0x0000412c                __aeabi_dcmpgt
 .text          0x00004140       0x2c c:/program files (x86)/cypress/psoc creator/4.4/psoc creator/import/gnu/arm/5.4.1/bin/../lib/gcc/arm-none-eabi/5.4.1/armv7-m\libgcc.a(_arm_unorddf2.o)
                0x00004140                __unorddf2
                0x00004140                __aeabi_dcmpun
 .text          0x0000416c       0x50 c:/program files (x86)/cypress/psoc creator/4.4/psoc creator/import/gnu/arm/5.4.1/bin/../lib/gcc/arm-none-eabi/5.4.1/armv7-m\libgcc.a(_arm_fixdfsi.o)
                0x0000416c                __aeabi_d2iz
                0x0000416c                __fixdfsi
 *(.plt)
 *(.gnu.warning)
 *(.glue_7t)
 .glue_7t       0x000041bc        0x0 linker stubs
 *(.glue_7)
 .glue_7        0x000041bc        0x0 linker stubs
 *(.vfp11_veneer)
 .vfp11_veneer  0x000041bc        0x0 linker stubs
 *(.bootloader)
 *(.ARM.extab* .gnu.linkonce.armextab.*)
 *(.gcc_except_table)

.v4_bx          0x000041bc        0x0
 .v4_bx         0x000041bc        0x0 linker stubs

.iplt           0x000041bc        0x0
 .iplt          0x000041bc        0x0 c:/program files (x86)/cypress/psoc creator/4.4/psoc creator/import/gnu/arm/5.4.1/bin/../lib/gcc/arm-none-eabi/5.4.1/armv7-m/crtbegin.o

.eh_frame_hdr
 *(.eh_frame_hdr)

.eh_frame       0x000041bc        0x4
 *(.eh_frame)
 .eh_frame      0x000041bc        0x0 c:/program files (x86)/cypress/psoc creator/4.4/psoc creator/import/gnu/arm/5.4.1/bin/../lib/gcc/arm-none-eabi/5.4.1/armv7-m/crtbegin.o
 .eh_frame      0x000041bc        0x4 c:/program files (x86)/cypress/psoc creator/4.4/psoc creator/import/gnu/arm/5.4.1/bin/../lib/gcc/arm-none-eabi/5.4.1/armv7-m/crtend.o
                [!provide]                PROVIDE (__exidx_start, .)

.ARM.exidx
 *(.ARM.exidx* .gnu.linkonce.armexidx.*)
                0x000041c0                __exidx_end = .

.rodata         0x000041c0      0x250
 *(.rodata .rodata.* .gnu.linkonce.r.*)
 .rodata.str1.4
                0x000041c0       0x38 .\CortexM3\ARM_GCC_541\Debug\main.o
 .rodata        0x000041f8       0x58 .\CortexM3\ARM_GCC_541\Debug\cyfitter_cfg.o
 .rodata        0x00004250        0x4 .\CortexM3\ARM_GCC_541\Debug\lcd.a(LCD_I2C_FUNCS.o)
 .rodata.str1.1
                0x00004254        0x2 c:/program files (x86)/cypress/psoc creator/4.4/psoc creator/import/gnu/arm/5.4.1/bin/../lib/gcc/arm-none-eabi/5.4.1/../../../../arm-none-eabi/lib/armv7-m\libg_nano.a(lib_a-impure.o)
 .rodata.str1.1
                0x00004256       0x12 c:/program files (x86)/cypress/psoc creator/4.4/psoc creator/import/gnu/arm/5.4.1/bin/../lib/gcc/arm-none-eabi/5.4.1/../../../../arm-none-eabi/lib/armv7-m\libg_nano.a(lib_a-nano-vfprintf_float.o)
 .rodata.str1.1
                0x00004268       0x22 c:/program files (x86)/cypress/psoc creator/4.4/psoc creator/import/gnu/arm/5.4.1/bin/../lib/gcc/arm-none-eabi/5.4.1/../../../../arm-none-eabi/lib/armv7-m\libg_nano.a(lib_a-nano-vfprintf_i.o)
 .rodata.str1.1
                0x0000428a       0x25 c:/program files (x86)/cypress/psoc creator/4.4/psoc creator/import/gnu/arm/5.4.1/bin/../lib/gcc/arm-none-eabi/5.4.1/../../../../arm-none-eabi/lib/armv7-m\libg_nano.a(lib_a-utoa.o)
 .rodata.str1.1
                0x000042af        0xd c:/program files (x86)/cypress/psoc creator/4.4/psoc creator/import/gnu/arm/5.4.1/bin/../lib/gcc/arm-none-eabi/5.4.1/../../../../arm-none-eabi/lib/armv7-m\libg_nano.a(lib_a-dtoa.o)
                                  0xf (size before relaxing)
 .rodata.str1.1
                0x000042bc        0x8 c:/program files (x86)/cypress/psoc creator/4.4/psoc creator/import/gnu/arm/5.4.1/bin/../lib/gcc/arm-none-eabi/5.4.1/../../../../arm-none-eabi/lib/armv7-m\libg_nano.a(lib_a-locale.o)
                                  0xb (size before relaxing)
 *fill*         0x000042c4        0x4 
 .rodata.__mprec_tens
                0x000042c8       0xc8 c:/program files (x86)/cypress/psoc creator/4.4/psoc creator/import/gnu/arm/5.4.1/bin/../lib/gcc/arm-none-eabi/5.4.1/../../../../arm-none-eabi/lib/armv7-m\libg_nano.a(lib_a-mprec.o)
                0x000042c8                __mprec_tens
 .rodata.p05.5408
                0x00004390        0xc c:/program files (x86)/cypress/psoc creator/4.4/psoc creator/import/gnu/arm/5.4.1/bin/../lib/gcc/arm-none-eabi/5.4.1/../../../../arm-none-eabi/lib/armv7-m\libg_nano.a(lib_a-mprec.o)
 *fill*         0x0000439c        0x4 
 .rodata.__mprec_bigtens
                0x000043a0       0x28 c:/program files (x86)/cypress/psoc creator/4.4/psoc creator/import/gnu/arm/5.4.1/bin/../lib/gcc/arm-none-eabi/5.4.1/../../../../arm-none-eabi/lib/armv7-m\libg_nano.a(lib_a-mprec.o)
                0x000043a0                __mprec_bigtens
 .rodata.str1.1
                0x000043c8       0x11 c:/program files (x86)/cypress/psoc creator/4.4/psoc creator/import/gnu/arm/5.4.1/bin/../lib/gcc/arm-none-eabi/5.4.1/../../../../arm-none-eabi/lib/armv7-m\libg_nano.a(lib_a-nano-svfprintf.o)
                0x000043dc                . = ALIGN (0x4)
 *fill*         0x000043d9        0x3 
 *(.init)
 .init          0x000043dc        0x4 c:/program files (x86)/cypress/psoc creator/4.4/psoc creator/import/gnu/arm/5.4.1/bin/../lib/gcc/arm-none-eabi/5.4.1/armv7-m/crti.o
                0x000043dc                _init
 .init          0x000043e0        0x8 c:/program files (x86)/cypress/psoc creator/4.4/psoc creator/import/gnu/arm/5.4.1/bin/../lib/gcc/arm-none-eabi/5.4.1/armv7-m/crtn.o
                0x000043e8                . = ALIGN (0x4)
                0x000043e8                __preinit_array_start = .
 *(.preinit_array)
                0x000043e8                __preinit_array_end = .
                0x000043e8                . = ALIGN (0x4)
                0x000043e8                __init_array_start = .
 *(SORT(.init_array.*))
 *(.init_array)
 .init_array    0x000043e8        0x4 c:/program files (x86)/cypress/psoc creator/4.4/psoc creator/import/gnu/arm/5.4.1/bin/../lib/gcc/arm-none-eabi/5.4.1/armv7-m/crtbegin.o
 .init_array    0x000043ec        0x4 .\CortexM3\ARM_GCC_541\Debug\Cm3Start.o
                0x000043f0                __init_array_end = .
                0x000043f0                . = ALIGN (0x4)
 *(.fini)
 .fini          0x000043f0        0x4 c:/program files (x86)/cypress/psoc creator/4.4/psoc creator/import/gnu/arm/5.4.1/bin/../lib/gcc/arm-none-eabi/5.4.1/armv7-m/crti.o
                0x000043f0                _fini
 .fini          0x000043f4        0x8 c:/program files (x86)/cypress/psoc creator/4.4/psoc creator/import/gnu/arm/5.4.1/bin/../lib/gcc/arm-none-eabi/5.4.1/armv7-m/crtn.o
                0x000043fc                . = ALIGN (0x4)
                0x000043fc                __fini_array_start = .
 *(.fini_array)
 .fini_array    0x000043fc        0x4 c:/program files (x86)/cypress/psoc creator/4.4/psoc creator/import/gnu/arm/5.4.1/bin/../lib/gcc/arm-none-eabi/5.4.1/armv7-m/crtbegin.o
 *(SORT(.fini_array.*))
                0x00004400                __fini_array_end = .
                0x00004400                . = ALIGN (0x4)
 *crtbegin.o(.ctors)
 *(EXCLUDE_FILE(*crtend.o) .ctors)
 *(SORT(.ctors.*))
 *crtend.o(.ctors)
                0x00004400                . = ALIGN (0x4)
 *crtbegin.o(.dtors)
 *(EXCLUDE_FILE(*crtend.o) .dtors)
 *(SORT(.dtors.*))
 *crtend.o(.dtors)
                0x00004400                . = ALIGN (0x4)
                0x00004400                __cy_regions = .
                0x00004400        0x4 LONG 0x4410 __cy_region_init_ram
                0x00004404        0x4 LONG 0x1fff80c8 __cy_region_start_data
                0x00004408        0x4 LONG 0xc0 __cy_region_init_size_ram
                0x0000440c        0x4 LONG 0x80 __cy_region_zero_size_ram
                0x00004410                __cy_regions_end = .
                0x00004410                . = ALIGN (0x8)
                0x00004410                _etext = .

.cy_checksum_exclude
                0x00004410        0x0
 *(.cy_checksum_exclude)

.ramvectors     0x1fff8000       0xc0
                0x1fff8000                __cy_region_start_ram = .
 *(.ramvectors)
 .ramvectors    0x1fff8000       0xc0 .\CortexM3\ARM_GCC_541\Debug\Cm3Start.o
                0x1fff8000                CyRamVectors

.noinit         0x1fff80c0        0x1
 *(.noinit)
 .noinit        0x1fff80c0        0x1 .\CortexM3\ARM_GCC_541\Debug\lcd.a(CyLib.o)
                0x1fff80c0                CyResetStatus

.data           0x1fff80c8       0xc0 load address 0x00004410
                0x1fff80c8                __cy_region_start_data = .
 *(.jcr)
 .jcr           0x1fff80c8        0x0 c:/program files (x86)/cypress/psoc creator/4.4/psoc creator/import/gnu/arm/5.4.1/bin/../lib/gcc/arm-none-eabi/5.4.1/armv7-m/crtbegin.o
 .jcr           0x1fff80c8        0x4 c:/program files (x86)/cypress/psoc creator/4.4/psoc creator/import/gnu/arm/5.4.1/bin/../lib/gcc/arm-none-eabi/5.4.1/armv7-m/crtend.o
 *(.got.plt)
 *(.got)
 *(.shdata)
 *(.data .data.* .gnu.linkonce.d.*)
 .data          0x1fff80cc        0x8 .\CortexM3\ARM_GCC_541\Debug\main.o
 .data          0x1fff80d4        0x4 .\CortexM3\ARM_GCC_541\Debug\Cm3Start.o
 .data          0x1fff80d8       0x10 .\CortexM3\ARM_GCC_541\Debug\lcd.a(CyLib.o)
                0x1fff80d8                cydelay_32k_ms
                0x1fff80dc                cydelay_freq_khz
                0x1fff80e0                cydelay_freq_mhz
                0x1fff80e4                cydelay_freq_hz
 .data.impure_data
                0x1fff80e8       0x60 c:/program files (x86)/cypress/psoc creator/4.4/psoc creator/import/gnu/arm/5.4.1/bin/../lib/gcc/arm-none-eabi/5.4.1/../../../../arm-none-eabi/lib/armv7-m\libg_nano.a(lib_a-impure.o)
 .data._impure_ptr
                0x1fff8148        0x4 c:/program files (x86)/cypress/psoc creator/4.4/psoc creator/import/gnu/arm/5.4.1/bin/../lib/gcc/arm-none-eabi/5.4.1/../../../../arm-none-eabi/lib/armv7-m\libg_nano.a(lib_a-impure.o)
                0x1fff8148                _impure_ptr
 .data.lconv    0x1fff814c       0x38 c:/program files (x86)/cypress/psoc creator/4.4/psoc creator/import/gnu/arm/5.4.1/bin/../lib/gcc/arm-none-eabi/5.4.1/../../../../arm-none-eabi/lib/armv7-m\libg_nano.a(lib_a-locale.o)
                0x1fff8188                . = ALIGN (0x8)
 *fill*         0x1fff8184        0x4 
 *(.ram)
                0x1fff8188                _edata = .

.igot.plt       0x1fff8188        0x0 load address 0x000044d0
 .igot.plt      0x1fff8188        0x0 c:/program files (x86)/cypress/psoc creator/4.4/psoc creator/import/gnu/arm/5.4.1/bin/../lib/gcc/arm-none-eabi/5.4.1/armv7-m/crtbegin.o

.bss            0x1fff8188       0x80 load address 0x000044d0
                0x1fff8188                PROVIDE (__bss_start__, .)
 *(.shbss)
 *(.bss .bss.* .gnu.linkonce.b.*)
 .bss           0x1fff8188       0x1c c:/program files (x86)/cypress/psoc creator/4.4/psoc creator/import/gnu/arm/5.4.1/bin/../lib/gcc/arm-none-eabi/5.4.1/armv7-m/crtbegin.o
 .bss           0x1fff81a4        0x4 .\CortexM3\ARM_GCC_541\Debug\main.o
                0x1fff81a4                bomb_active
 .bss           0x1fff81a8        0x1 .\CortexM3\ARM_GCC_541\Debug\lcd.a(I2C.o)
                0x1fff81a8                I2C_initVar
 .bss           0x1fff81a9        0x1 .\CortexM3\ARM_GCC_541\Debug\lcd.a(Timer.o)
                0x1fff81a9                Timer_initVar
 .bss           0x1fff81aa        0x2 .\CortexM3\ARM_GCC_541\Debug\lcd.a(UART.o)
                0x1fff81aa                UART_initVar
 .bss.__malloc_sbrk_start
                0x1fff81ac        0x4 c:/program files (x86)/cypress/psoc creator/4.4/psoc creator/import/gnu/arm/5.4.1/bin/../lib/gcc/arm-none-eabi/5.4.1/../../../../arm-none-eabi/lib/armv7-m\libg_nano.a(lib_a-nano-mallocr.o)
                0x1fff81ac                __malloc_sbrk_start
 .bss.__malloc_free_list
                0x1fff81b0        0x4 c:/program files (x86)/cypress/psoc creator/4.4/psoc creator/import/gnu/arm/5.4.1/bin/../lib/gcc/arm-none-eabi/5.4.1/../../../../arm-none-eabi/lib/armv7-m\libg_nano.a(lib_a-nano-mallocr.o)
                0x1fff81b0                __malloc_free_list
 *(COMMON)
 COMMON         0x1fff81b4       0x37 .\CortexM3\ARM_GCC_541\Debug\main.o
                0x1fff81b4                output_dht
                0x1fff81c3                bomb_data
                0x1fff81c4                cost
                0x1fff81c8                hum_RX
                0x1fff81d0                temp_RX
                0x1fff81d5                dato
                0x1fff81d6                hour_uni
                0x1fff81d7                hour_dec
                0x1fff81d8                Tabla
                0x1fff81df                min_uni
                0x1fff81e0                min_dec
                0x1fff81e4                percent_data
 COMMON         0x1fff81eb        0x1 .\CortexM3\ARM_GCC_541\Debug\lcd.a(I2C.o)
                0x1fff81eb                I2C_state
 COMMON         0x1fff81ec       0x10 .\CortexM3\ARM_GCC_541\Debug\lcd.a(I2C_MASTER.o)
                0x1fff81ec                I2C_mstrWrBufIndex
                0x1fff81ed                I2C_mstrWrBufSize
                0x1fff81ee                I2C_mstrStatus
                0x1fff81f0                I2C_mstrRdBufPtr
                0x1fff81f4                I2C_mstrControl
                0x1fff81f5                I2C_mstrRdBufSize
                0x1fff81f6                I2C_mstrRdBufIndex
                0x1fff81f8                I2C_mstrWrBufPtr
 COMMON         0x1fff81fc        0x8 .\CortexM3\ARM_GCC_541\Debug\lcd.a(LCD_I2C_FUNCS.o)
                0x1fff81fc                LCD_I2C_config
 COMMON         0x1fff8204        0x4 c:/program files (x86)/cypress/psoc creator/4.4/psoc creator/import/gnu/arm/5.4.1/bin/../lib/gcc/arm-none-eabi/5.4.1/../../../../arm-none-eabi/lib/armv7-m\libg_nano.a(lib_a-reent.o)
                0x1fff8204                errno
                0x1fff8208                . = ALIGN (0x8)
 *(.ram.b)
                0x1fff8208                _end = .
                0x1fff8208                __end = .
                0x1fff8208                PROVIDE (end, .)
                0x1fff8208                PROVIDE (__bss_end__, .)
                0x00004410                __cy_region_init_ram = LOADADDR (.data)
                0x000000c0                __cy_region_init_size_ram = (_edata - ADDR (.data))
                0x00000080                __cy_region_zero_size_ram = (_end - _edata)

.heap           0x1fff8208      0x200 load address 0x000044d0
                0x1fff8208                . = _end
                0x1fff8408                . = (. + 0x200)
 *fill*         0x1fff8208      0x200 
                0x1fff8408                __cy_heap_limit = .

.stack          0x20007800      0x800
                0x20007800                __cy_stack_limit = .
                0x20008000                . = (. + 0x800)
 *fill*         0x20007800      0x800 
                0x00000001                ASSERT ((__cy_stack_limit >= __cy_heap_limit), region RAM overflowed with stack)
                0x00000000                cy_checksum_exclude_size = (CY_APPL_LOADABLE == 0x1)?SIZEOF (.cy_checksum_exclude):0x0
                0x00000001                ASSERT ((cy_checksum_exclude_size <= CY_CHECKSUM_EXCLUDE_SIZE), CY_BOOT: Section .cy_checksum_exclude size exceedes specified limit.)

.cyloadermeta
 *(.cyloadermeta)

.cyloadablemeta
 *(.cyloadablemeta)

.cyconfigecc    0x80000000      0x49c
 *(.cyconfigecc)
 .cyconfigecc   0x80000000      0x49c .\CortexM3\ARM_GCC_541\Debug\cymetadata.o
                0x80000000                cy_meta_configecc

.cycustnvl      0x90000000        0x4
 *(.cycustnvl)
 .cycustnvl     0x90000000        0x4 .\CortexM3\ARM_GCC_541\Debug\cymetadata.o
                0x90000000                cy_meta_custnvl

.cywolatch      0x90100000        0x4
 *(.cywolatch)
 .cywolatch     0x90100000        0x4 .\CortexM3\ARM_GCC_541\Debug\cymetadata.o
                0x90100000                cy_meta_wonvl

.cyeeprom       0x90200000        0x0
 *(.cyeeprom)
                0x00000001                ASSERT ((. <= ((0x90200000 + ee_offset) + ee_size)), .cyeeprom data will not fit in EEPROM)

.cyflashprotect
                0x90400000      0x100
 *(.cyflashprotect)
 .cyflashprotect
                0x90400000      0x100 .\CortexM3\ARM_GCC_541\Debug\cymetadata.o
                0x90400000                cy_meta_flashprotect

.cymeta         0x90500000        0xc
 *(.cymeta)
 .cymeta        0x90500000        0xc .\CortexM3\ARM_GCC_541\Debug\cymetadata.o
                0x90500000                cy_metadata

.rel.dyn        0x000044d0        0x0 load address 0x9050000c
 .rel.iplt      0x000044d0        0x0 c:/program files (x86)/cypress/psoc creator/4.4/psoc creator/import/gnu/arm/5.4.1/bin/../lib/gcc/arm-none-eabi/5.4.1/armv7-m/crtbegin.o

.stab
 *(.stab)

.stabstr
 *(.stabstr)

.debug
 *(.debug)

.line
 *(.line)

.debug_srcinfo
 *(.debug_srcinfo)

.debug_sfnames
 *(.debug_sfnames)

.debug_aranges  0x00000000      0xb38
 *(.debug_aranges)
 .debug_aranges
                0x00000000       0x48 .\CortexM3\ARM_GCC_541\Debug\main.o
 .debug_aranges
                0x00000048       0x58 .\CortexM3\ARM_GCC_541\Debug\cyfitter_cfg.o
 .debug_aranges
                0x000000a0       0x18 .\CortexM3\ARM_GCC_541\Debug\cymetadata.o
 .debug_aranges
                0x000000b8       0x48 .\CortexM3\ARM_GCC_541\Debug\Cm3Start.o
 .debug_aranges
                0x00000100       0x38 .\CortexM3\ARM_GCC_541\Debug\lcd.a(I2C.o)
 .debug_aranges
                0x00000138       0x20 .\CortexM3\ARM_GCC_541\Debug\lcd.a(I2C_INT.o)
 .debug_aranges
                0x00000158       0x38 .\CortexM3\ARM_GCC_541\Debug\lcd.a(I2C_PM.o)
 .debug_aranges
                0x00000190       0x80 .\CortexM3\ARM_GCC_541\Debug\lcd.a(I2C_MASTER.o)
 .debug_aranges
                0x00000210      0x2a0 .\CortexM3\ARM_GCC_541\Debug\lcd.a(CyLib.o)
 .debug_aranges
                0x000004b0       0x98 .\CortexM3\ARM_GCC_541\Debug\lcd.a(cyPm.o)
 .debug_aranges
                0x00000548      0x100 .\CortexM3\ARM_GCC_541\Debug\lcd.a(LCD_I2C_FUNCS.o)
 .debug_aranges
                0x00000648       0x38 .\CortexM3\ARM_GCC_541\Debug\lcd.a(DHT.o)
 .debug_aranges
                0x00000680       0x28 .\CortexM3\ARM_GCC_541\Debug\lcd.a(Control.o)
 .debug_aranges
                0x000006a8       0x88 .\CortexM3\ARM_GCC_541\Debug\lcd.a(Timer.o)
 .debug_aranges
                0x00000730       0x38 .\CortexM3\ARM_GCC_541\Debug\lcd.a(echo.o)
 .debug_aranges
                0x00000768       0x70 .\CortexM3\ARM_GCC_541\Debug\lcd.a(Clock.o)
 .debug_aranges
                0x000007d8       0xf0 .\CortexM3\ARM_GCC_541\Debug\lcd.a(UART.o)
 .debug_aranges
                0x000008c8       0x70 .\CortexM3\ARM_GCC_541\Debug\lcd.a(UART_IntClock.o)
 .debug_aranges
                0x00000938       0x80 .\CortexM3\ARM_GCC_541\Debug\lcd.a(isrRX.o)
 .debug_aranges
                0x000009b8       0x38 .\CortexM3\ARM_GCC_541\Debug\lcd.a(Bomb.o)
 .debug_aranges
                0x000009f0       0x20 .\CortexM3\ARM_GCC_541\Debug\lcd.a(CyBootAsmGnu.o)
 .debug_aranges
                0x00000a10       0x88 .\CortexM3\ARM_GCC_541\Debug\lcd.a(CyFlash.o)
 .debug_aranges
                0x00000a98       0x80 .\CortexM3\ARM_GCC_541\Debug\lcd.a(CySpc.o)
 .debug_aranges
                0x00000b18       0x20 .\CortexM3\ARM_GCC_541\Debug\lcd.a(LCD_I2C_LL_I2C.o)

.debug_pubnames
 *(.debug_pubnames)

.debug_info     0x00000000     0x663d
 *(.debug_info .gnu.linkonce.wi.*)
 .debug_info    0x00000000      0x922 .\CortexM3\ARM_GCC_541\Debug\main.o
 .debug_info    0x00000922      0x5cd .\CortexM3\ARM_GCC_541\Debug\cyfitter_cfg.o
 .debug_info    0x00000eef      0x136 .\CortexM3\ARM_GCC_541\Debug\cymetadata.o
 .debug_info    0x00001025      0x3bb .\CortexM3\ARM_GCC_541\Debug\Cm3Start.o
 .debug_info    0x000013e0      0x2ad .\CortexM3\ARM_GCC_541\Debug\lcd.a(I2C.o)
 .debug_info    0x0000168d      0x184 .\CortexM3\ARM_GCC_541\Debug\lcd.a(I2C_INT.o)
 .debug_info    0x00001811      0x207 .\CortexM3\ARM_GCC_541\Debug\lcd.a(I2C_PM.o)
 .debug_info    0x00001a18      0x407 .\CortexM3\ARM_GCC_541\Debug\lcd.a(I2C_MASTER.o)
 .debug_info    0x00001e1f     0x1374 .\CortexM3\ARM_GCC_541\Debug\lcd.a(CyLib.o)
 .debug_info    0x00003193      0xa2a .\CortexM3\ARM_GCC_541\Debug\lcd.a(cyPm.o)
 .debug_info    0x00003bbd      0x85d .\CortexM3\ARM_GCC_541\Debug\lcd.a(LCD_I2C_FUNCS.o)
 .debug_info    0x0000441a      0x11f .\CortexM3\ARM_GCC_541\Debug\lcd.a(DHT.o)
 .debug_info    0x00004539       0xd6 .\CortexM3\ARM_GCC_541\Debug\lcd.a(Control.o)
 .debug_info    0x0000460f      0x293 .\CortexM3\ARM_GCC_541\Debug\lcd.a(Timer.o)
 .debug_info    0x000048a2      0x11f .\CortexM3\ARM_GCC_541\Debug\lcd.a(echo.o)
 .debug_info    0x000049c1      0x283 .\CortexM3\ARM_GCC_541\Debug\lcd.a(Clock.o)
 .debug_info    0x00004c44      0x60c .\CortexM3\ARM_GCC_541\Debug\lcd.a(UART.o)
 .debug_info    0x00005250      0x283 .\CortexM3\ARM_GCC_541\Debug\lcd.a(UART_IntClock.o)
 .debug_info    0x000054d3      0x2d2 .\CortexM3\ARM_GCC_541\Debug\lcd.a(isrRX.o)
 .debug_info    0x000057a5      0x11f .\CortexM3\ARM_GCC_541\Debug\lcd.a(Bomb.o)
 .debug_info    0x000058c4       0x86 .\CortexM3\ARM_GCC_541\Debug\lcd.a(CyBootAsmGnu.o)
 .debug_info    0x0000594a      0x64d .\CortexM3\ARM_GCC_541\Debug\lcd.a(CyFlash.o)
 .debug_info    0x00005f97      0x550 .\CortexM3\ARM_GCC_541\Debug\lcd.a(CySpc.o)
 .debug_info    0x000064e7      0x156 .\CortexM3\ARM_GCC_541\Debug\lcd.a(LCD_I2C_LL_I2C.o)

.debug_abbrev   0x00000000     0x1c2b
 *(.debug_abbrev)
 .debug_abbrev  0x00000000      0x17e .\CortexM3\ARM_GCC_541\Debug\main.o
 .debug_abbrev  0x0000017e      0x20d .\CortexM3\ARM_GCC_541\Debug\cyfitter_cfg.o
 .debug_abbrev  0x0000038b       0x77 .\CortexM3\ARM_GCC_541\Debug\cymetadata.o
 .debug_abbrev  0x00000402      0x1e8 .\CortexM3\ARM_GCC_541\Debug\Cm3Start.o
 .debug_abbrev  0x000005ea      0x10a .\CortexM3\ARM_GCC_541\Debug\lcd.a(I2C.o)
 .debug_abbrev  0x000006f4       0xb6 .\CortexM3\ARM_GCC_541\Debug\lcd.a(I2C_INT.o)
 .debug_abbrev  0x000007aa       0xfe .\CortexM3\ARM_GCC_541\Debug\lcd.a(I2C_PM.o)
 .debug_abbrev  0x000008a8      0x13c .\CortexM3\ARM_GCC_541\Debug\lcd.a(I2C_MASTER.o)
 .debug_abbrev  0x000009e4      0x254 .\CortexM3\ARM_GCC_541\Debug\lcd.a(CyLib.o)
 .debug_abbrev  0x00000c38      0x1ab .\CortexM3\ARM_GCC_541\Debug\lcd.a(cyPm.o)
 .debug_abbrev  0x00000de3      0x1a0 .\CortexM3\ARM_GCC_541\Debug\lcd.a(LCD_I2C_FUNCS.o)
 .debug_abbrev  0x00000f83       0x90 .\CortexM3\ARM_GCC_541\Debug\lcd.a(DHT.o)
 .debug_abbrev  0x00001013       0x81 .\CortexM3\ARM_GCC_541\Debug\lcd.a(Control.o)
 .debug_abbrev  0x00001094      0x11a .\CortexM3\ARM_GCC_541\Debug\lcd.a(Timer.o)
 .debug_abbrev  0x000011ae       0x90 .\CortexM3\ARM_GCC_541\Debug\lcd.a(echo.o)
 .debug_abbrev  0x0000123e      0x139 .\CortexM3\ARM_GCC_541\Debug\lcd.a(Clock.o)
 .debug_abbrev  0x00001377      0x175 .\CortexM3\ARM_GCC_541\Debug\lcd.a(UART.o)
 .debug_abbrev  0x000014ec      0x139 .\CortexM3\ARM_GCC_541\Debug\lcd.a(UART_IntClock.o)
 .debug_abbrev  0x00001625      0x173 .\CortexM3\ARM_GCC_541\Debug\lcd.a(isrRX.o)
 .debug_abbrev  0x00001798       0x90 .\CortexM3\ARM_GCC_541\Debug\lcd.a(Bomb.o)
 .debug_abbrev  0x00001828       0x14 .\CortexM3\ARM_GCC_541\Debug\lcd.a(CyBootAsmGnu.o)
 .debug_abbrev  0x0000183c      0x1a7 .\CortexM3\ARM_GCC_541\Debug\lcd.a(CyFlash.o)
 .debug_abbrev  0x000019e3      0x194 .\CortexM3\ARM_GCC_541\Debug\lcd.a(CySpc.o)
 .debug_abbrev  0x00001b77       0xb4 .\CortexM3\ARM_GCC_541\Debug\lcd.a(LCD_I2C_LL_I2C.o)

.debug_line     0x00000000     0x2db7
 *(.debug_line)
 .debug_line    0x00000000      0x3b3 .\CortexM3\ARM_GCC_541\Debug\main.o
 .debug_line    0x000003b3      0x1f6 .\CortexM3\ARM_GCC_541\Debug\cyfitter_cfg.o
 .debug_line    0x000005a9      0x141 .\CortexM3\ARM_GCC_541\Debug\cymetadata.o
 .debug_line    0x000006ea      0x234 .\CortexM3\ARM_GCC_541\Debug\Cm3Start.o
 .debug_line    0x0000091e       0xd9 .\CortexM3\ARM_GCC_541\Debug\lcd.a(I2C.o)
 .debug_line    0x000009f7      0x114 .\CortexM3\ARM_GCC_541\Debug\lcd.a(I2C_INT.o)
 .debug_line    0x00000b0b       0xbb .\CortexM3\ARM_GCC_541\Debug\lcd.a(I2C_PM.o)
 .debug_line    0x00000bc6      0x1fd .\CortexM3\ARM_GCC_541\Debug\lcd.a(I2C_MASTER.o)
 .debug_line    0x00000dc3      0x816 .\CortexM3\ARM_GCC_541\Debug\lcd.a(CyLib.o)
 .debug_line    0x000015d9      0x367 .\CortexM3\ARM_GCC_541\Debug\lcd.a(cyPm.o)
 .debug_line    0x00001940      0x3d2 .\CortexM3\ARM_GCC_541\Debug\lcd.a(LCD_I2C_FUNCS.o)
 .debug_line    0x00001d12       0x90 .\CortexM3\ARM_GCC_541\Debug\lcd.a(DHT.o)
 .debug_line    0x00001da2       0x6f .\CortexM3\ARM_GCC_541\Debug\lcd.a(Control.o)
 .debug_line    0x00001e11      0x158 .\CortexM3\ARM_GCC_541\Debug\lcd.a(Timer.o)
 .debug_line    0x00001f69       0x91 .\CortexM3\ARM_GCC_541\Debug\lcd.a(echo.o)
 .debug_line    0x00001ffa      0x174 .\CortexM3\ARM_GCC_541\Debug\lcd.a(Clock.o)
 .debug_line    0x0000216e      0x2bc .\CortexM3\ARM_GCC_541\Debug\lcd.a(UART.o)
 .debug_line    0x0000242a      0x17c .\CortexM3\ARM_GCC_541\Debug\lcd.a(UART_IntClock.o)
 .debug_line    0x000025a6      0x132 .\CortexM3\ARM_GCC_541\Debug\lcd.a(isrRX.o)
 .debug_line    0x000026d8       0x91 .\CortexM3\ARM_GCC_541\Debug\lcd.a(Bomb.o)
 .debug_line    0x00002769       0x66 .\CortexM3\ARM_GCC_541\Debug\lcd.a(CyBootAsmGnu.o)
 .debug_line    0x000027cf      0x21a .\CortexM3\ARM_GCC_541\Debug\lcd.a(CyFlash.o)
 .debug_line    0x000029e9      0x260 .\CortexM3\ARM_GCC_541\Debug\lcd.a(CySpc.o)
 .debug_line    0x00002c49      0x16e .\CortexM3\ARM_GCC_541\Debug\lcd.a(LCD_I2C_LL_I2C.o)

.debug_frame    0x00000000     0x246c
 *(.debug_frame)
 .debug_frame   0x00000000       0xcc .\CortexM3\ARM_GCC_541\Debug\main.o
 .debug_frame   0x000000cc       0xe4 .\CortexM3\ARM_GCC_541\Debug\cyfitter_cfg.o
 .debug_frame   0x000001b0       0xb8 .\CortexM3\ARM_GCC_541\Debug\Cm3Start.o
 .debug_frame   0x00000268       0x94 .\CortexM3\ARM_GCC_541\Debug\lcd.a(I2C.o)
 .debug_frame   0x000002fc       0x30 .\CortexM3\ARM_GCC_541\Debug\lcd.a(I2C_INT.o)
 .debug_frame   0x0000032c       0x74 .\CortexM3\ARM_GCC_541\Debug\lcd.a(I2C_PM.o)
 .debug_frame   0x000003a0      0x138 .\CortexM3\ARM_GCC_541\Debug\lcd.a(I2C_MASTER.o)
 .debug_frame   0x000004d8      0x738 .\CortexM3\ARM_GCC_541\Debug\lcd.a(CyLib.o)
 .debug_frame   0x00000c10      0x1f8 .\CortexM3\ARM_GCC_541\Debug\lcd.a(cyPm.o)
 .debug_frame   0x00000e08      0x348 .\CortexM3\ARM_GCC_541\Debug\lcd.a(LCD_I2C_FUNCS.o)
 .debug_frame   0x00001150       0x50 .\CortexM3\ARM_GCC_541\Debug\lcd.a(DHT.o)
 .debug_frame   0x000011a0       0x30 .\CortexM3\ARM_GCC_541\Debug\lcd.a(Control.o)
 .debug_frame   0x000011d0      0x108 .\CortexM3\ARM_GCC_541\Debug\lcd.a(Timer.o)
 .debug_frame   0x000012d8       0x50 .\CortexM3\ARM_GCC_541\Debug\lcd.a(echo.o)
 .debug_frame   0x00001328       0xe0 .\CortexM3\ARM_GCC_541\Debug\lcd.a(Clock.o)
 .debug_frame   0x00001408      0x250 .\CortexM3\ARM_GCC_541\Debug\lcd.a(UART.o)
 .debug_frame   0x00001658       0xe0 .\CortexM3\ARM_GCC_541\Debug\lcd.a(UART_IntClock.o)
 .debug_frame   0x00001738      0x104 .\CortexM3\ARM_GCC_541\Debug\lcd.a(isrRX.o)
 .debug_frame   0x0000183c       0x50 .\CortexM3\ARM_GCC_541\Debug\lcd.a(Bomb.o)
 .debug_frame   0x0000188c      0x194 .\CortexM3\ARM_GCC_541\Debug\lcd.a(CyFlash.o)
 .debug_frame   0x00001a20      0x180 .\CortexM3\ARM_GCC_541\Debug\lcd.a(CySpc.o)
 .debug_frame   0x00001ba0       0x2c .\CortexM3\ARM_GCC_541\Debug\lcd.a(LCD_I2C_LL_I2C.o)
 .debug_frame   0x00001bcc       0x20 c:/program files (x86)/cypress/psoc creator/4.4/psoc creator/import/gnu/arm/5.4.1/bin/../lib/gcc/arm-none-eabi/5.4.1/../../../../arm-none-eabi/lib/armv7-m\libg_nano.a(lib_a-errno.o)
 .debug_frame   0x00001bec       0x28 c:/program files (x86)/cypress/psoc creator/4.4/psoc creator/import/gnu/arm/5.4.1/bin/../lib/gcc/arm-none-eabi/5.4.1/../../../../arm-none-eabi/lib/armv7-m\libg_nano.a(lib_a-exit.o)
 .debug_frame   0x00001c14       0x2c c:/program files (x86)/cypress/psoc creator/4.4/psoc creator/import/gnu/arm/5.4.1/bin/../lib/gcc/arm-none-eabi/5.4.1/../../../../arm-none-eabi/lib/armv7-m\libg_nano.a(lib_a-init.o)
 .debug_frame   0x00001c40       0x38 c:/program files (x86)/cypress/psoc creator/4.4/psoc creator/import/gnu/arm/5.4.1/bin/../lib/gcc/arm-none-eabi/5.4.1/../../../../arm-none-eabi/lib/armv7-m\libg_nano.a(lib_a-itoa.o)
 .debug_frame   0x00001c78       0x28 c:/program files (x86)/cypress/psoc creator/4.4/psoc creator/import/gnu/arm/5.4.1/bin/../lib/gcc/arm-none-eabi/5.4.1/../../../../arm-none-eabi/lib/armv7-m\libg_nano.a(lib_a-memcpy-stub.o)
 .debug_frame   0x00001ca0       0x20 c:/program files (x86)/cypress/psoc creator/4.4/psoc creator/import/gnu/arm/5.4.1/bin/../lib/gcc/arm-none-eabi/5.4.1/../../../../arm-none-eabi/lib/armv7-m\libg_nano.a(lib_a-memset.o)
 .debug_frame   0x00001cc0       0x8c c:/program files (x86)/cypress/psoc creator/4.4/psoc creator/import/gnu/arm/5.4.1/bin/../lib/gcc/arm-none-eabi/5.4.1/../../../../arm-none-eabi/lib/armv7-m\libg_nano.a(lib_a-nano-vfprintf_float.o)
 .debug_frame   0x00001d4c       0x60 c:/program files (x86)/cypress/psoc creator/4.4/psoc creator/import/gnu/arm/5.4.1/bin/../lib/gcc/arm-none-eabi/5.4.1/../../../../arm-none-eabi/lib/armv7-m\libg_nano.a(lib_a-nano-vfprintf_i.o)
 .debug_frame   0x00001dac       0x70 c:/program files (x86)/cypress/psoc creator/4.4/psoc creator/import/gnu/arm/5.4.1/bin/../lib/gcc/arm-none-eabi/5.4.1/../../../../arm-none-eabi/lib/armv7-m\libg_nano.a(lib_a-sprintf.o)
 .debug_frame   0x00001e1c       0x44 c:/program files (x86)/cypress/psoc creator/4.4/psoc creator/import/gnu/arm/5.4.1/bin/../lib/gcc/arm-none-eabi/5.4.1/../../../../arm-none-eabi/lib/armv7-m\libg_nano.a(lib_a-utoa.o)
 .debug_frame   0x00001e60       0x6c c:/program files (x86)/cypress/psoc creator/4.4/psoc creator/import/gnu/arm/5.4.1/bin/../lib/gcc/arm-none-eabi/5.4.1/../../../../arm-none-eabi/lib/armv7-m\libg_nano.a(lib_a-dtoa.o)
 .debug_frame   0x00001ecc       0x98 c:/program files (x86)/cypress/psoc creator/4.4/psoc creator/import/gnu/arm/5.4.1/bin/../lib/gcc/arm-none-eabi/5.4.1/../../../../arm-none-eabi/lib/armv7-m\libg_nano.a(lib_a-locale.o)
 .debug_frame   0x00001f64       0x30 c:/program files (x86)/cypress/psoc creator/4.4/psoc creator/import/gnu/arm/5.4.1/bin/../lib/gcc/arm-none-eabi/5.4.1/../../../../arm-none-eabi/lib/armv7-m\libg_nano.a(lib_a-malloc.o)
 .debug_frame   0x00001f94       0x28 c:/program files (x86)/cypress/psoc creator/4.4/psoc creator/import/gnu/arm/5.4.1/bin/../lib/gcc/arm-none-eabi/5.4.1/../../../../arm-none-eabi/lib/armv7-m\libg_nano.a(lib_a-memchr-stub.o)
 .debug_frame   0x00001fbc      0x234 c:/program files (x86)/cypress/psoc creator/4.4/psoc creator/import/gnu/arm/5.4.1/bin/../lib/gcc/arm-none-eabi/5.4.1/../../../../arm-none-eabi/lib/armv7-m\libg_nano.a(lib_a-mprec.o)
 .debug_frame   0x000021f0       0x2c c:/program files (x86)/cypress/psoc creator/4.4/psoc creator/import/gnu/arm/5.4.1/bin/../lib/gcc/arm-none-eabi/5.4.1/../../../../arm-none-eabi/lib/armv7-m\libg_nano.a(lib_a-nano-callocr.o)
 .debug_frame   0x0000221c       0x38 c:/program files (x86)/cypress/psoc creator/4.4/psoc creator/import/gnu/arm/5.4.1/bin/../lib/gcc/arm-none-eabi/5.4.1/../../../../arm-none-eabi/lib/armv7-m\libg_nano.a(lib_a-nano-freer.o)
 .debug_frame   0x00002254       0x2c c:/program files (x86)/cypress/psoc creator/4.4/psoc creator/import/gnu/arm/5.4.1/bin/../lib/gcc/arm-none-eabi/5.4.1/../../../../arm-none-eabi/lib/armv7-m\libg_nano.a(lib_a-nano-mallocr.o)
 .debug_frame   0x00002280       0x90 c:/program files (x86)/cypress/psoc creator/4.4/psoc creator/import/gnu/arm/5.4.1/bin/../lib/gcc/arm-none-eabi/5.4.1/../../../../arm-none-eabi/lib/armv7-m\libg_nano.a(lib_a-nano-svfprintf.o)
 .debug_frame   0x00002310       0x2c c:/program files (x86)/cypress/psoc creator/4.4/psoc creator/import/gnu/arm/5.4.1/bin/../lib/gcc/arm-none-eabi/5.4.1/../../../../arm-none-eabi/lib/armv7-m\libg_nano.a(lib_a-sbrkr.o)
 .debug_frame   0x0000233c       0x20 c:/program files (x86)/cypress/psoc creator/4.4/psoc creator/import/gnu/arm/5.4.1/bin/../lib/gcc/arm-none-eabi/5.4.1/../../../../arm-none-eabi/lib/armv7-m\libg_nano.a(lib_a-strcmp.o)
 .debug_frame   0x0000235c       0x28 c:/program files (x86)/cypress/psoc creator/4.4/psoc creator/import/gnu/arm/5.4.1/bin/../lib/gcc/arm-none-eabi/5.4.1/../../../../arm-none-eabi/lib/armv7-m\libg_nano.a(lib_a-memmove.o)
 .debug_frame   0x00002384       0x30 c:/program files (x86)/cypress/psoc creator/4.4/psoc creator/import/gnu/arm/5.4.1/bin/../lib/gcc/arm-none-eabi/5.4.1/../../../../arm-none-eabi/lib/armv7-m\libg_nano.a(lib_a-mlock.o)
 .debug_frame   0x000023b4       0x3c c:/program files (x86)/cypress/psoc creator/4.4/psoc creator/import/gnu/arm/5.4.1/bin/../lib/gcc/arm-none-eabi/5.4.1/../../../../arm-none-eabi/lib/armv7-m\libg_nano.a(lib_a-nano-reallocr.o)
 .debug_frame   0x000023f0       0x5c c:/program files (x86)/cypress/psoc creator/4.4/psoc creator/import/gnu/arm/5.4.1/bin/../lib/gcc/arm-none-eabi/5.4.1/../../../../arm-none-eabi/lib/armv7-m\libg_nano.a(lib_a-reent.o)
 .debug_frame   0x0000244c       0x20 c:/program files (x86)/cypress/psoc creator/4.4/psoc creator/import/gnu/arm/5.4.1/bin/../lib/gcc/arm-none-eabi/5.4.1/../../../../arm-none-eabi/lib/armv7-m\libg_nano.a(lib_a-nano-msizer.o)

.debug_str      0x00000000     0x2217
 *(.debug_str)
 .debug_str     0x00000000      0x390 .\CortexM3\ARM_GCC_541\Debug\main.o
                                0x3e9 (size before relaxing)
 .debug_str     0x00000390      0x1e6 .\CortexM3\ARM_GCC_541\Debug\cyfitter_cfg.o
                                0x33a (size before relaxing)
 .debug_str     0x00000576       0x7f .\CortexM3\ARM_GCC_541\Debug\cymetadata.o
                                0x1da (size before relaxing)
 .debug_str     0x000005f5      0x144 .\CortexM3\ARM_GCC_541\Debug\Cm3Start.o
                                0x300 (size before relaxing)
 .debug_str     0x00000739      0x12f .\CortexM3\ARM_GCC_541\Debug\lcd.a(I2C.o)
                                0x2d7 (size before relaxing)
 .debug_str     0x00000868       0x86 .\CortexM3\ARM_GCC_541\Debug\lcd.a(I2C_INT.o)
                                0x255 (size before relaxing)
 .debug_str     0x000008ee       0x56 .\CortexM3\ARM_GCC_541\Debug\lcd.a(I2C_PM.o)
                                0x273 (size before relaxing)
 .debug_str     0x00000944      0x10c .\CortexM3\ARM_GCC_541\Debug\lcd.a(I2C_MASTER.o)
                                0x39a (size before relaxing)
 .debug_str     0x00000a50      0x7d8 .\CortexM3\ARM_GCC_541\Debug\lcd.a(CyLib.o)
                                0xa3d (size before relaxing)
 .debug_str     0x00001228      0x365 .\CortexM3\ARM_GCC_541\Debug\lcd.a(cyPm.o)
                                0x729 (size before relaxing)
 .debug_str     0x0000158d      0x2bf .\CortexM3\ARM_GCC_541\Debug\lcd.a(LCD_I2C_FUNCS.o)
                                0x4df (size before relaxing)
 .debug_str     0x0000184c       0x49 .\CortexM3\ARM_GCC_541\Debug\lcd.a(DHT.o)
                                0x1ce (size before relaxing)
 .debug_str     0x00001895       0x2e .\CortexM3\ARM_GCC_541\Debug\lcd.a(Control.o)
                                0x1ab (size before relaxing)
 .debug_str     0x000018c3      0x13c .\CortexM3\ARM_GCC_541\Debug\lcd.a(Timer.o)
                                0x2eb (size before relaxing)
 .debug_str     0x000019ff       0x4c .\CortexM3\ARM_GCC_541\Debug\lcd.a(echo.o)
                                0x1d3 (size before relaxing)
 .debug_str     0x00001a4b       0x6a .\CortexM3\ARM_GCC_541\Debug\lcd.a(Clock.o)
                                0x2cc (size before relaxing)
 .debug_str     0x00001ab5      0x278 .\CortexM3\ARM_GCC_541\Debug\lcd.a(UART.o)
                                0x46b (size before relaxing)
 .debug_str     0x00001d2d      0x138 .\CortexM3\ARM_GCC_541\Debug\lcd.a(UART_IntClock.o)
                                0x32c (size before relaxing)
 .debug_str     0x00001e65       0xd8 .\CortexM3\ARM_GCC_541\Debug\lcd.a(isrRX.o)
                                0x29c (size before relaxing)
 .debug_str     0x00001f3d       0x4b .\CortexM3\ARM_GCC_541\Debug\lcd.a(Bomb.o)
                                0x1d3 (size before relaxing)
 .debug_str     0x00001f88      0x1bb .\CortexM3\ARM_GCC_541\Debug\lcd.a(CyFlash.o)
                                0x3b6 (size before relaxing)
 .debug_str     0x00002143       0xac .\CortexM3\ARM_GCC_541\Debug\lcd.a(CySpc.o)
                                0x32e (size before relaxing)
 .debug_str     0x000021ef       0x28 .\CortexM3\ARM_GCC_541\Debug\lcd.a(LCD_I2C_LL_I2C.o)
                                0x221 (size before relaxing)

.debug_loc      0x00000000     0x29e8
 *(.debug_loc)
 .debug_loc     0x00000000      0x166 .\CortexM3\ARM_GCC_541\Debug\main.o
 .debug_loc     0x00000166      0x289 .\CortexM3\ARM_GCC_541\Debug\cyfitter_cfg.o
 .debug_loc     0x000003ef      0x144 .\CortexM3\ARM_GCC_541\Debug\Cm3Start.o
 .debug_loc     0x00000533       0x39 .\CortexM3\ARM_GCC_541\Debug\lcd.a(I2C.o)
 .debug_loc     0x0000056c       0x29 .\CortexM3\ARM_GCC_541\Debug\lcd.a(I2C_INT.o)
 .debug_loc     0x00000595       0x13 .\CortexM3\ARM_GCC_541\Debug\lcd.a(I2C_PM.o)
 .debug_loc     0x000005a8      0x52f .\CortexM3\ARM_GCC_541\Debug\lcd.a(I2C_MASTER.o)
 .debug_loc     0x00000ad7      0xa11 .\CortexM3\ARM_GCC_541\Debug\lcd.a(CyLib.o)
 .debug_loc     0x000014e8      0x1e4 .\CortexM3\ARM_GCC_541\Debug\lcd.a(cyPm.o)
 .debug_loc     0x000016cc      0x25b .\CortexM3\ARM_GCC_541\Debug\lcd.a(LCD_I2C_FUNCS.o)
 .debug_loc     0x00001927       0x42 .\CortexM3\ARM_GCC_541\Debug\lcd.a(DHT.o)
 .debug_loc     0x00001969       0x42 .\CortexM3\ARM_GCC_541\Debug\lcd.a(echo.o)
 .debug_loc     0x000019ab      0x12c .\CortexM3\ARM_GCC_541\Debug\lcd.a(Clock.o)
 .debug_loc     0x00001ad7      0x258 .\CortexM3\ARM_GCC_541\Debug\lcd.a(UART.o)
 .debug_loc     0x00001d2f      0x128 .\CortexM3\ARM_GCC_541\Debug\lcd.a(UART_IntClock.o)
 .debug_loc     0x00001e57       0x56 .\CortexM3\ARM_GCC_541\Debug\lcd.a(isrRX.o)
 .debug_loc     0x00001ead       0x42 .\CortexM3\ARM_GCC_541\Debug\lcd.a(Bomb.o)
 .debug_loc     0x00001eef      0x3b2 .\CortexM3\ARM_GCC_541\Debug\lcd.a(CyFlash.o)
 .debug_loc     0x000022a1      0x705 .\CortexM3\ARM_GCC_541\Debug\lcd.a(CySpc.o)
 .debug_loc     0x000029a6       0x42 .\CortexM3\ARM_GCC_541\Debug\lcd.a(LCD_I2C_LL_I2C.o)

.debug_macinfo
 *(.debug_macinfo)

.debug_ranges   0x00000000      0x9a0
 *(.debug_ranges)
 .debug_ranges  0x00000000       0x38 .\CortexM3\ARM_GCC_541\Debug\main.o
 .debug_ranges  0x00000038       0x48 .\CortexM3\ARM_GCC_541\Debug\cyfitter_cfg.o
 .debug_ranges  0x00000080       0x38 .\CortexM3\ARM_GCC_541\Debug\Cm3Start.o
 .debug_ranges  0x000000b8       0x28 .\CortexM3\ARM_GCC_541\Debug\lcd.a(I2C.o)
 .debug_ranges  0x000000e0       0x10 .\CortexM3\ARM_GCC_541\Debug\lcd.a(I2C_INT.o)
 .debug_ranges  0x000000f0       0x28 .\CortexM3\ARM_GCC_541\Debug\lcd.a(I2C_PM.o)
 .debug_ranges  0x00000118       0x70 .\CortexM3\ARM_GCC_541\Debug\lcd.a(I2C_MASTER.o)
 .debug_ranges  0x00000188      0x290 .\CortexM3\ARM_GCC_541\Debug\lcd.a(CyLib.o)
 .debug_ranges  0x00000418       0x88 .\CortexM3\ARM_GCC_541\Debug\lcd.a(cyPm.o)
 .debug_ranges  0x000004a0       0xf0 .\CortexM3\ARM_GCC_541\Debug\lcd.a(LCD_I2C_FUNCS.o)
 .debug_ranges  0x00000590       0x28 .\CortexM3\ARM_GCC_541\Debug\lcd.a(DHT.o)
 .debug_ranges  0x000005b8       0x18 .\CortexM3\ARM_GCC_541\Debug\lcd.a(Control.o)
 .debug_ranges  0x000005d0       0x78 .\CortexM3\ARM_GCC_541\Debug\lcd.a(Timer.o)
 .debug_ranges  0x00000648       0x28 .\CortexM3\ARM_GCC_541\Debug\lcd.a(echo.o)
 .debug_ranges  0x00000670       0x60 .\CortexM3\ARM_GCC_541\Debug\lcd.a(Clock.o)
 .debug_ranges  0x000006d0       0xe0 .\CortexM3\ARM_GCC_541\Debug\lcd.a(UART.o)
 .debug_ranges  0x000007b0       0x60 .\CortexM3\ARM_GCC_541\Debug\lcd.a(UART_IntClock.o)
 .debug_ranges  0x00000810       0x70 .\CortexM3\ARM_GCC_541\Debug\lcd.a(isrRX.o)
 .debug_ranges  0x00000880       0x28 .\CortexM3\ARM_GCC_541\Debug\lcd.a(Bomb.o)
 .debug_ranges  0x000008a8       0x78 .\CortexM3\ARM_GCC_541\Debug\lcd.a(CyFlash.o)
 .debug_ranges  0x00000920       0x70 .\CortexM3\ARM_GCC_541\Debug\lcd.a(CySpc.o)
 .debug_ranges  0x00000990       0x10 .\CortexM3\ARM_GCC_541\Debug\lcd.a(LCD_I2C_LL_I2C.o)

.comment        0x00000000       0x6e
 .comment       0x00000000       0x6e .\CortexM3\ARM_GCC_541\Debug\main.o
                                 0x6f (size before relaxing)
 .comment       0x0000006e       0x6f .\CortexM3\ARM_GCC_541\Debug\cyfitter_cfg.o
 .comment       0x0000006e       0x6f .\CortexM3\ARM_GCC_541\Debug\cymetadata.o
 .comment       0x0000006e       0x6f .\CortexM3\ARM_GCC_541\Debug\Cm3Start.o
 .comment       0x0000006e       0x6f .\CortexM3\ARM_GCC_541\Debug\lcd.a(I2C.o)
 .comment       0x0000006e       0x6f .\CortexM3\ARM_GCC_541\Debug\lcd.a(I2C_INT.o)
 .comment       0x0000006e       0x6f .\CortexM3\ARM_GCC_541\Debug\lcd.a(I2C_PM.o)
 .comment       0x0000006e       0x6f .\CortexM3\ARM_GCC_541\Debug\lcd.a(I2C_MASTER.o)
 .comment       0x0000006e       0x6f .\CortexM3\ARM_GCC_541\Debug\lcd.a(CyLib.o)
 .comment       0x0000006e       0x6f .\CortexM3\ARM_GCC_541\Debug\lcd.a(cyPm.o)
 .comment       0x0000006e       0x6f .\CortexM3\ARM_GCC_541\Debug\lcd.a(LCD_I2C_FUNCS.o)
 .comment       0x0000006e       0x6f .\CortexM3\ARM_GCC_541\Debug\lcd.a(DHT.o)
 .comment       0x0000006e       0x6f .\CortexM3\ARM_GCC_541\Debug\lcd.a(Control.o)
 .comment       0x0000006e       0x6f .\CortexM3\ARM_GCC_541\Debug\lcd.a(Timer.o)
 .comment       0x0000006e       0x6f .\CortexM3\ARM_GCC_541\Debug\lcd.a(echo.o)
 .comment       0x0000006e       0x6f .\CortexM3\ARM_GCC_541\Debug\lcd.a(Clock.o)
 .comment       0x0000006e       0x6f .\CortexM3\ARM_GCC_541\Debug\lcd.a(UART.o)
 .comment       0x0000006e       0x6f .\CortexM3\ARM_GCC_541\Debug\lcd.a(UART_IntClock.o)
 .comment       0x0000006e       0x6f .\CortexM3\ARM_GCC_541\Debug\lcd.a(isrRX.o)
 .comment       0x0000006e       0x6f .\CortexM3\ARM_GCC_541\Debug\lcd.a(Bomb.o)
 .comment       0x0000006e       0x6f .\CortexM3\ARM_GCC_541\Debug\lcd.a(CyFlash.o)
 .comment       0x0000006e       0x6f .\CortexM3\ARM_GCC_541\Debug\lcd.a(CySpc.o)
 .comment       0x0000006e       0x6f .\CortexM3\ARM_GCC_541\Debug\lcd.a(LCD_I2C_LL_I2C.o)

.debug_weaknames
 *(.debug_weaknames)

.debug_funcnames
 *(.debug_funcnames)

.debug_typenames
 *(.debug_typenames)

.debug_varnames
 *(.debug_varnames)

.note.gnu.arm.ident
 *(.note.gnu.arm.ident)

.ARM.attributes
                0x00000000       0x29
 *(.ARM.attributes)
 .ARM.attributes
                0x00000000       0x1d c:/program files (x86)/cypress/psoc creator/4.4/psoc creator/import/gnu/arm/5.4.1/bin/../lib/gcc/arm-none-eabi/5.4.1/armv7-m/crti.o
 .ARM.attributes
                0x0000001d       0x2d c:/program files (x86)/cypress/psoc creator/4.4/psoc creator/import/gnu/arm/5.4.1/bin/../lib/gcc/arm-none-eabi/5.4.1/armv7-m/crtbegin.o
 .ARM.attributes
                0x0000004a       0x1b c:/program files (x86)/cypress/psoc creator/4.4/psoc creator/import/gnu/arm/5.4.1/bin/../lib/gcc/arm-none-eabi/5.4.1/../../../../arm-none-eabi/lib/armv7-m/crt0.o
 .ARM.attributes
                0x00000065       0x33 .\CortexM3\ARM_GCC_541\Debug\main.o
 .ARM.attributes
                0x00000098       0x33 .\CortexM3\ARM_GCC_541\Debug\cyfitter_cfg.o
 .ARM.attributes
                0x000000cb       0x33 .\CortexM3\ARM_GCC_541\Debug\cymetadata.o
 .ARM.attributes
                0x000000fe       0x33 .\CortexM3\ARM_GCC_541\Debug\Cm3Start.o
 .ARM.attributes
                0x00000131       0x33 .\CortexM3\ARM_GCC_541\Debug\lcd.a(I2C.o)
 .ARM.attributes
                0x00000164       0x33 .\CortexM3\ARM_GCC_541\Debug\lcd.a(I2C_INT.o)
 .ARM.attributes
                0x00000197       0x33 .\CortexM3\ARM_GCC_541\Debug\lcd.a(I2C_PM.o)
 .ARM.attributes
                0x000001ca       0x33 .\CortexM3\ARM_GCC_541\Debug\lcd.a(I2C_MASTER.o)
 .ARM.attributes
                0x000001fd       0x33 .\CortexM3\ARM_GCC_541\Debug\lcd.a(CyLib.o)
 .ARM.attributes
                0x00000230       0x33 .\CortexM3\ARM_GCC_541\Debug\lcd.a(cyPm.o)
 .ARM.attributes
                0x00000263       0x33 .\CortexM3\ARM_GCC_541\Debug\lcd.a(LCD_I2C_FUNCS.o)
 .ARM.attributes
                0x00000296       0x33 .\CortexM3\ARM_GCC_541\Debug\lcd.a(DHT.o)
 .ARM.attributes
                0x000002c9       0x33 .\CortexM3\ARM_GCC_541\Debug\lcd.a(Control.o)
 .ARM.attributes
                0x000002fc       0x33 .\CortexM3\ARM_GCC_541\Debug\lcd.a(Timer.o)
 .ARM.attributes
                0x0000032f       0x33 .\CortexM3\ARM_GCC_541\Debug\lcd.a(echo.o)
 .ARM.attributes
                0x00000362       0x33 .\CortexM3\ARM_GCC_541\Debug\lcd.a(Clock.o)
 .ARM.attributes
                0x00000395       0x33 .\CortexM3\ARM_GCC_541\Debug\lcd.a(UART.o)
 .ARM.attributes
                0x000003c8       0x33 .\CortexM3\ARM_GCC_541\Debug\lcd.a(UART_IntClock.o)
 .ARM.attributes
                0x000003fb       0x33 .\CortexM3\ARM_GCC_541\Debug\lcd.a(isrRX.o)
 .ARM.attributes
                0x0000042e       0x33 .\CortexM3\ARM_GCC_541\Debug\lcd.a(Bomb.o)
 .ARM.attributes
                0x00000461       0x21 .\CortexM3\ARM_GCC_541\Debug\lcd.a(CyBootAsmGnu.o)
 .ARM.attributes
                0x00000482       0x33 .\CortexM3\ARM_GCC_541\Debug\lcd.a(CyFlash.o)
 .ARM.attributes
                0x000004b5       0x33 .\CortexM3\ARM_GCC_541\Debug\lcd.a(CySpc.o)
 .ARM.attributes
                0x000004e8       0x33 .\CortexM3\ARM_GCC_541\Debug\lcd.a(LCD_I2C_LL_I2C.o)
 .ARM.attributes
                0x0000051b       0x1d c:/program files (x86)/cypress/psoc creator/4.4/psoc creator/import/gnu/arm/5.4.1/bin/../lib/gcc/arm-none-eabi/5.4.1/armv7-m\libgcc.a(_arm_addsubdf3.o)
 .ARM.attributes
                0x00000538       0x1d c:/program files (x86)/cypress/psoc creator/4.4/psoc creator/import/gnu/arm/5.4.1/bin/../lib/gcc/arm-none-eabi/5.4.1/armv7-m\libgcc.a(_arm_muldivdf3.o)
 .ARM.attributes
                0x00000555       0x1d c:/program files (x86)/cypress/psoc creator/4.4/psoc creator/import/gnu/arm/5.4.1/bin/../lib/gcc/arm-none-eabi/5.4.1/armv7-m\libgcc.a(_arm_truncdfsf2.o)
 .ARM.attributes
                0x00000572       0x1d c:/program files (x86)/cypress/psoc creator/4.4/psoc creator/import/gnu/arm/5.4.1/bin/../lib/gcc/arm-none-eabi/5.4.1/armv7-m\libgcc.a(_arm_addsubsf3.o)
 .ARM.attributes
                0x0000058f       0x1d c:/program files (x86)/cypress/psoc creator/4.4/psoc creator/import/gnu/arm/5.4.1/bin/../lib/gcc/arm-none-eabi/5.4.1/armv7-m\libgcc.a(_arm_muldivsf3.o)
 .ARM.attributes
                0x000005ac       0x2d c:/program files (x86)/cypress/psoc creator/4.4/psoc creator/import/gnu/arm/5.4.1/bin/../lib/gcc/arm-none-eabi/5.4.1/../../../../arm-none-eabi/lib/armv7-m\libg_nano.a(lib_a-errno.o)
 .ARM.attributes
                0x000005d9       0x2d c:/program files (x86)/cypress/psoc creator/4.4/psoc creator/import/gnu/arm/5.4.1/bin/../lib/gcc/arm-none-eabi/5.4.1/../../../../arm-none-eabi/lib/armv7-m\libg_nano.a(lib_a-exit.o)
 .ARM.attributes
                0x00000606       0x2d c:/program files (x86)/cypress/psoc creator/4.4/psoc creator/import/gnu/arm/5.4.1/bin/../lib/gcc/arm-none-eabi/5.4.1/../../../../arm-none-eabi/lib/armv7-m\libg_nano.a(lib_a-impure.o)
 .ARM.attributes
                0x00000633       0x2d c:/program files (x86)/cypress/psoc creator/4.4/psoc creator/import/gnu/arm/5.4.1/bin/../lib/gcc/arm-none-eabi/5.4.1/../../../../arm-none-eabi/lib/armv7-m\libg_nano.a(lib_a-init.o)
 .ARM.attributes
                0x00000660       0x2d c:/program files (x86)/cypress/psoc creator/4.4/psoc creator/import/gnu/arm/5.4.1/bin/../lib/gcc/arm-none-eabi/5.4.1/../../../../arm-none-eabi/lib/armv7-m\libg_nano.a(lib_a-itoa.o)
 .ARM.attributes
                0x0000068d       0x2d c:/program files (x86)/cypress/psoc creator/4.4/psoc creator/import/gnu/arm/5.4.1/bin/../lib/gcc/arm-none-eabi/5.4.1/../../../../arm-none-eabi/lib/armv7-m\libg_nano.a(lib_a-memcpy-stub.o)
 .ARM.attributes
                0x000006ba       0x2d c:/program files (x86)/cypress/psoc creator/4.4/psoc creator/import/gnu/arm/5.4.1/bin/../lib/gcc/arm-none-eabi/5.4.1/../../../../arm-none-eabi/lib/armv7-m\libg_nano.a(lib_a-memset.o)
 .ARM.attributes
                0x000006e7       0x2d c:/program files (x86)/cypress/psoc creator/4.4/psoc creator/import/gnu/arm/5.4.1/bin/../lib/gcc/arm-none-eabi/5.4.1/../../../../arm-none-eabi/lib/armv7-m\libg_nano.a(lib_a-nano-vfprintf_float.o)
 .ARM.attributes
                0x00000714       0x2d c:/program files (x86)/cypress/psoc creator/4.4/psoc creator/import/gnu/arm/5.4.1/bin/../lib/gcc/arm-none-eabi/5.4.1/../../../../arm-none-eabi/lib/armv7-m\libg_nano.a(lib_a-nano-vfprintf_i.o)
 .ARM.attributes
                0x00000741       0x2d c:/program files (x86)/cypress/psoc creator/4.4/psoc creator/import/gnu/arm/5.4.1/bin/../lib/gcc/arm-none-eabi/5.4.1/../../../../arm-none-eabi/lib/armv7-m\libg_nano.a(lib_a-sprintf.o)
 .ARM.attributes
                0x0000076e       0x17 c:/program files (x86)/cypress/psoc creator/4.4/psoc creator/import/gnu/arm/5.4.1/bin/../lib/gcc/arm-none-eabi/5.4.1/../../../../arm-none-eabi/lib/armv7-m\libg_nano.a(lib_a-strlen.o)
 .ARM.attributes
                0x00000785       0x2d c:/program files (x86)/cypress/psoc creator/4.4/psoc creator/import/gnu/arm/5.4.1/bin/../lib/gcc/arm-none-eabi/5.4.1/../../../../arm-none-eabi/lib/armv7-m\libg_nano.a(lib_a-utoa.o)
 .ARM.attributes
                0x000007b2       0x2d c:/program files (x86)/cypress/psoc creator/4.4/psoc creator/import/gnu/arm/5.4.1/bin/../lib/gcc/arm-none-eabi/5.4.1/../../../../arm-none-eabi/lib/armv7-m\libg_nano.a(lib_a-dtoa.o)
 .ARM.attributes
                0x000007df       0x2d c:/program files (x86)/cypress/psoc creator/4.4/psoc creator/import/gnu/arm/5.4.1/bin/../lib/gcc/arm-none-eabi/5.4.1/../../../../arm-none-eabi/lib/armv7-m\libg_nano.a(lib_a-locale.o)
 .ARM.attributes
                0x0000080c       0x2d c:/program files (x86)/cypress/psoc creator/4.4/psoc creator/import/gnu/arm/5.4.1/bin/../lib/gcc/arm-none-eabi/5.4.1/../../../../arm-none-eabi/lib/armv7-m\libg_nano.a(lib_a-malloc.o)
 .ARM.attributes
                0x00000839       0x2d c:/program files (x86)/cypress/psoc creator/4.4/psoc creator/import/gnu/arm/5.4.1/bin/../lib/gcc/arm-none-eabi/5.4.1/../../../../arm-none-eabi/lib/armv7-m\libg_nano.a(lib_a-memchr-stub.o)
 .ARM.attributes
                0x00000866       0x2d c:/program files (x86)/cypress/psoc creator/4.4/psoc creator/import/gnu/arm/5.4.1/bin/../lib/gcc/arm-none-eabi/5.4.1/../../../../arm-none-eabi/lib/armv7-m\libg_nano.a(lib_a-mprec.o)
 .ARM.attributes
                0x00000893       0x2d c:/program files (x86)/cypress/psoc creator/4.4/psoc creator/import/gnu/arm/5.4.1/bin/../lib/gcc/arm-none-eabi/5.4.1/../../../../arm-none-eabi/lib/armv7-m\libg_nano.a(lib_a-nano-callocr.o)
 .ARM.attributes
                0x000008c0       0x2d c:/program files (x86)/cypress/psoc creator/4.4/psoc creator/import/gnu/arm/5.4.1/bin/../lib/gcc/arm-none-eabi/5.4.1/../../../../arm-none-eabi/lib/armv7-m\libg_nano.a(lib_a-nano-freer.o)
 .ARM.attributes
                0x000008ed       0x2d c:/program files (x86)/cypress/psoc creator/4.4/psoc creator/import/gnu/arm/5.4.1/bin/../lib/gcc/arm-none-eabi/5.4.1/../../../../arm-none-eabi/lib/armv7-m\libg_nano.a(lib_a-nano-mallocr.o)
 .ARM.attributes
                0x0000091a       0x2d c:/program files (x86)/cypress/psoc creator/4.4/psoc creator/import/gnu/arm/5.4.1/bin/../lib/gcc/arm-none-eabi/5.4.1/../../../../arm-none-eabi/lib/armv7-m\libg_nano.a(lib_a-nano-svfprintf.o)
 .ARM.attributes
                0x00000947       0x2d c:/program files (x86)/cypress/psoc creator/4.4/psoc creator/import/gnu/arm/5.4.1/bin/../lib/gcc/arm-none-eabi/5.4.1/../../../../arm-none-eabi/lib/armv7-m\libg_nano.a(lib_a-sbrkr.o)
 .ARM.attributes
                0x00000974       0x1b c:/program files (x86)/cypress/psoc creator/4.4/psoc creator/import/gnu/arm/5.4.1/bin/../lib/gcc/arm-none-eabi/5.4.1/../../../../arm-none-eabi/lib/armv7-m\libg_nano.a(lib_a-strcmp.o)
 .ARM.attributes
                0x0000098f       0x2d c:/program files (x86)/cypress/psoc creator/4.4/psoc creator/import/gnu/arm/5.4.1/bin/../lib/gcc/arm-none-eabi/5.4.1/../../../../arm-none-eabi/lib/armv7-m\libg_nano.a(lib_a-memmove.o)
 .ARM.attributes
                0x000009bc       0x2d c:/program files (x86)/cypress/psoc creator/4.4/psoc creator/import/gnu/arm/5.4.1/bin/../lib/gcc/arm-none-eabi/5.4.1/../../../../arm-none-eabi/lib/armv7-m\libg_nano.a(lib_a-mlock.o)
 .ARM.attributes
                0x000009e9       0x2d c:/program files (x86)/cypress/psoc creator/4.4/psoc creator/import/gnu/arm/5.4.1/bin/../lib/gcc/arm-none-eabi/5.4.1/../../../../arm-none-eabi/lib/armv7-m\libg_nano.a(lib_a-nano-reallocr.o)
 .ARM.attributes
                0x00000a16       0x2d c:/program files (x86)/cypress/psoc creator/4.4/psoc creator/import/gnu/arm/5.4.1/bin/../lib/gcc/arm-none-eabi/5.4.1/../../../../arm-none-eabi/lib/armv7-m\libg_nano.a(lib_a-reent.o)
 .ARM.attributes
                0x00000a43       0x2d c:/program files (x86)/cypress/psoc creator/4.4/psoc creator/import/gnu/arm/5.4.1/bin/../lib/gcc/arm-none-eabi/5.4.1/../../../../arm-none-eabi/lib/armv7-m\libg_nano.a(lib_a-nano-msizer.o)
 .ARM.attributes
                0x00000a70       0x1d c:/program files (x86)/cypress/psoc creator/4.4/psoc creator/import/gnu/arm/5.4.1/bin/../lib/gcc/arm-none-eabi/5.4.1/armv7-m\libgcc.a(_arm_cmpdf2.o)
 .ARM.attributes
                0x00000a8d       0x1d c:/program files (x86)/cypress/psoc creator/4.4/psoc creator/import/gnu/arm/5.4.1/bin/../lib/gcc/arm-none-eabi/5.4.1/armv7-m\libgcc.a(_arm_unorddf2.o)
 .ARM.attributes
                0x00000aaa       0x1d c:/program files (x86)/cypress/psoc creator/4.4/psoc creator/import/gnu/arm/5.4.1/bin/../lib/gcc/arm-none-eabi/5.4.1/armv7-m\libgcc.a(_arm_fixdfsi.o)
 .ARM.attributes
                0x00000ac7       0x2d c:/program files (x86)/cypress/psoc creator/4.4/psoc creator/import/gnu/arm/5.4.1/bin/../lib/gcc/arm-none-eabi/5.4.1/armv7-m/crtend.o
 .ARM.attributes
                0x00000af4       0x1d c:/program files (x86)/cypress/psoc creator/4.4/psoc creator/import/gnu/arm/5.4.1/bin/../lib/gcc/arm-none-eabi/5.4.1/armv7-m/crtn.o

/DISCARD/
 *(.note.GNU-stack)
OUTPUT(C:\Users\franf\Documents\PSoC Creator\proyecto_integrador\lcd.cydsn\CortexM3\ARM_GCC_541\Debug\lcd.elf elf32-littlearm)
